Archive member included to satisfy reference by file (symbol)

d:/altera/15.0/nios2eds/bin/gnu/h-x86_64-mingw32/bin/../lib/gcc/nios2-elf/4.9.1/../../../../../H-x86_64-mingw32/nios2-elf/lib/mno-hw-mul\libc.a(lib_a-puts.o)
                              obj/default/hello_world.o (puts)
d:/altera/15.0/nios2eds/bin/gnu/h-x86_64-mingw32/bin/../lib/gcc/nios2-elf/4.9.1/../../../../../H-x86_64-mingw32/nios2-elf/lib/mno-hw-mul\libc.a(lib_a-strlen.o)
                              d:/altera/15.0/nios2eds/bin/gnu/h-x86_64-mingw32/bin/../lib/gcc/nios2-elf/4.9.1/../../../../../H-x86_64-mingw32/nios2-elf/lib/mno-hw-mul\libc.a(lib_a-puts.o) (strlen)
d:/altera/15.0/nios2eds/bin/gnu/h-x86_64-mingw32/bin/../lib/gcc/nios2-elf/4.9.1/../../../../../H-x86_64-mingw32/nios2-elf/lib/mno-hw-mul\libc.a(lib_a-fvwrite.o)
                              d:/altera/15.0/nios2eds/bin/gnu/h-x86_64-mingw32/bin/../lib/gcc/nios2-elf/4.9.1/../../../../../H-x86_64-mingw32/nios2-elf/lib/mno-hw-mul\libc.a(lib_a-puts.o) (__sfvwrite_r)
d:/altera/15.0/nios2eds/bin/gnu/h-x86_64-mingw32/bin/../lib/gcc/nios2-elf/4.9.1/../../../../../H-x86_64-mingw32/nios2-elf/lib/mno-hw-mul\libc.a(lib_a-impure.o)
                              d:/altera/15.0/nios2eds/bin/gnu/h-x86_64-mingw32/bin/../lib/gcc/nios2-elf/4.9.1/../../../../../H-x86_64-mingw32/nios2-elf/lib/mno-hw-mul\libc.a(lib_a-puts.o) (_impure_ptr)
d:/altera/15.0/nios2eds/bin/gnu/h-x86_64-mingw32/bin/../lib/gcc/nios2-elf/4.9.1/../../../../../H-x86_64-mingw32/nios2-elf/lib/mno-hw-mul\libc.a(lib_a-mallocr.o)
                              d:/altera/15.0/nios2eds/bin/gnu/h-x86_64-mingw32/bin/../lib/gcc/nios2-elf/4.9.1/../../../../../H-x86_64-mingw32/nios2-elf/lib/mno-hw-mul\libc.a(lib_a-fvwrite.o) (_malloc_r)
d:/altera/15.0/nios2eds/bin/gnu/h-x86_64-mingw32/bin/../lib/gcc/nios2-elf/4.9.1/../../../../../H-x86_64-mingw32/nios2-elf/lib/mno-hw-mul\libc.a(lib_a-memchr.o)
                              d:/altera/15.0/nios2eds/bin/gnu/h-x86_64-mingw32/bin/../lib/gcc/nios2-elf/4.9.1/../../../../../H-x86_64-mingw32/nios2-elf/lib/mno-hw-mul\libc.a(lib_a-fvwrite.o) (memchr)
d:/altera/15.0/nios2eds/bin/gnu/h-x86_64-mingw32/bin/../lib/gcc/nios2-elf/4.9.1/../../../../../H-x86_64-mingw32/nios2-elf/lib/mno-hw-mul\libc.a(lib_a-memcpy.o)
                              d:/altera/15.0/nios2eds/bin/gnu/h-x86_64-mingw32/bin/../lib/gcc/nios2-elf/4.9.1/../../../../../H-x86_64-mingw32/nios2-elf/lib/mno-hw-mul\libc.a(lib_a-fvwrite.o) (memcpy)
d:/altera/15.0/nios2eds/bin/gnu/h-x86_64-mingw32/bin/../lib/gcc/nios2-elf/4.9.1/../../../../../H-x86_64-mingw32/nios2-elf/lib/mno-hw-mul\libc.a(lib_a-memmove.o)
                              d:/altera/15.0/nios2eds/bin/gnu/h-x86_64-mingw32/bin/../lib/gcc/nios2-elf/4.9.1/../../../../../H-x86_64-mingw32/nios2-elf/lib/mno-hw-mul\libc.a(lib_a-fvwrite.o) (memmove)
d:/altera/15.0/nios2eds/bin/gnu/h-x86_64-mingw32/bin/../lib/gcc/nios2-elf/4.9.1/../../../../../H-x86_64-mingw32/nios2-elf/lib/mno-hw-mul\libc.a(lib_a-reallocr.o)
                              d:/altera/15.0/nios2eds/bin/gnu/h-x86_64-mingw32/bin/../lib/gcc/nios2-elf/4.9.1/../../../../../H-x86_64-mingw32/nios2-elf/lib/mno-hw-mul\libc.a(lib_a-fvwrite.o) (_realloc_r)
d:/altera/15.0/nios2eds/bin/gnu/h-x86_64-mingw32/bin/../lib/gcc/nios2-elf/4.9.1/../../../../../H-x86_64-mingw32/nios2-elf/lib/mno-hw-mul\libc.a(lib_a-sbrkr.o)
                              d:/altera/15.0/nios2eds/bin/gnu/h-x86_64-mingw32/bin/../lib/gcc/nios2-elf/4.9.1/../../../../../H-x86_64-mingw32/nios2-elf/lib/mno-hw-mul\libc.a(lib_a-mallocr.o) (_sbrk_r)
d:/altera/15.0/nios2eds/bin/gnu/h-x86_64-mingw32/bin/../lib/gcc/nios2-elf/4.9.1/../../../../../H-x86_64-mingw32/nios2-elf/lib/mno-hw-mul\libc.a(lib_a-wsetup.o)
                              d:/altera/15.0/nios2eds/bin/gnu/h-x86_64-mingw32/bin/../lib/gcc/nios2-elf/4.9.1/../../../../../H-x86_64-mingw32/nios2-elf/lib/mno-hw-mul\libc.a(lib_a-fvwrite.o) (__swsetup_r)
d:/altera/15.0/nios2eds/bin/gnu/h-x86_64-mingw32/bin/../lib/gcc/nios2-elf/4.9.1/../../../../../H-x86_64-mingw32/nios2-elf/lib/mno-hw-mul\libc.a(lib_a-fflush.o)
                              d:/altera/15.0/nios2eds/bin/gnu/h-x86_64-mingw32/bin/../lib/gcc/nios2-elf/4.9.1/../../../../../H-x86_64-mingw32/nios2-elf/lib/mno-hw-mul\libc.a(lib_a-fvwrite.o) (_fflush_r)
d:/altera/15.0/nios2eds/bin/gnu/h-x86_64-mingw32/bin/../lib/gcc/nios2-elf/4.9.1/../../../../../H-x86_64-mingw32/nios2-elf/lib/mno-hw-mul\libc.a(lib_a-findfp.o)
                              d:/altera/15.0/nios2eds/bin/gnu/h-x86_64-mingw32/bin/../lib/gcc/nios2-elf/4.9.1/../../../../../H-x86_64-mingw32/nios2-elf/lib/mno-hw-mul\libc.a(lib_a-wsetup.o) (__sinit)
d:/altera/15.0/nios2eds/bin/gnu/h-x86_64-mingw32/bin/../lib/gcc/nios2-elf/4.9.1/../../../../../H-x86_64-mingw32/nios2-elf/lib/mno-hw-mul\libc.a(lib_a-freer.o)
                              d:/altera/15.0/nios2eds/bin/gnu/h-x86_64-mingw32/bin/../lib/gcc/nios2-elf/4.9.1/../../../../../H-x86_64-mingw32/nios2-elf/lib/mno-hw-mul\libc.a(lib_a-fvwrite.o) (_free_r)
[...]
Memory Configuration

Name             Origin             Length             Attributes
reset            0x0000000000020000 0x0000000000000020
onchip_memory2   0x0000000000020020 0x0000000000018fe0
*default*        0x0000000000000000 0xffffffffffffffff

Linker script and memory map

LOAD ../Hello_Nios_II_bsp//obj/HAL/src/crt0.o
LOAD obj/default/hello_world.o
LOAD d:/altera/15.0/nios2eds/bin/gnu/h-x86_64-mingw32/bin/../lib/gcc/nios2-elf/4.9.1/../../../../../H-x86_64-mingw32/nios2-elf/lib/mno-hw-mul\libstdc++.a
LOAD d:/altera/15.0/nios2eds/bin/gnu/h-x86_64-mingw32/bin/../lib/gcc/nios2-elf/4.9.1/../../../../../H-x86_64-mingw32/nios2-elf/lib/mno-hw-mul\libm.a
LOAD d:/altera/15.0/nios2eds/bin/gnu/h-x86_64-mingw32/bin/../lib/gcc/nios2-elf/4.9.1/mno-hw-mul\libgcc.a
START GROUP
LOAD d:/altera/15.0/nios2eds/bin/gnu/h-x86_64-mingw32/bin/../lib/gcc/nios2-elf/4.9.1/../../../../../H-x86_64-mingw32/nios2-elf/lib/mno-hw-mul\libc.a
LOAD d:/altera/15.0/nios2eds/bin/gnu/h-x86_64-mingw32/bin/../lib/gcc/nios2-elf/4.9.1/mno-hw-mul\libgcc.a
LOAD ../Hello_Nios_II_bsp/\libhal_bsp.a
LOAD d:/altera/15.0/nios2eds/bin/gnu/h-x86_64-mingw32/bin/../lib/gcc/nios2-elf/4.9.1/../../../../../H-x86_64-mingw32/nios2-elf/lib/mno-hw-mul\libm.a
END GROUP
LOAD d:/altera/15.0/nios2eds/bin/gnu/h-x86_64-mingw32/bin/../lib/gcc/nios2-elf/4.9.1/mno-hw-mul\libgcc.a
                0x0000000000020000                __alt_mem_onchip_memory2 = 0x20000

.entry          0x0000000000020000       0x20
 *(.entry)
 .entry         0x0000000000020000       0x20 ../Hello_Nios_II_bsp//obj/HAL/src/crt0.o
                0x0000000000020000                __reset

.exceptions     0x0000000000020020      0x19c
                0x0000000000020020                PROVIDE (__ram_exceptions_start, ABSOLUTE (.))
                0x0000000000020020                . = ALIGN (0x20)
 *(.irq)
 *(.exceptions.entry.label)
 .exceptions.entry.label
                0x0000000000020020        0x0 ../Hello_Nios_II_bsp/\libhal_bsp.a(alt_irq_entry.o)
                0x0000000000020020                alt_irq_entry
 .exceptions.entry.label
                0x0000000000020020        0x0 ../Hello_Nios_II_bsp/\libhal_bsp.a(alt_exception_entry.o)
                0x0000000000020020                alt_exception
 *(.exceptions.entry.user)
 *(.exceptions.entry.ecc_fatal)
 *(.exceptions.entry)
 .exceptions.entry
                0x0000000000020020       0x54 ../Hello_Nios_II_bsp/\libhal_bsp.a(alt_exception_entry.o)
 *(.exceptions.irqtest.user)
 *(.exceptions.irqtest)
 .exceptions.irqtest
                0x0000000000020074       0x10 ../Hello_Nios_II_bsp/\libhal_bsp.a(alt_irq_entry.o)
 *(.exceptions.irqhandler.user)
 *(.exceptions.irqhandler)
 .exceptions.irqhandler
                0x0000000000020084        0x4 ../Hello_Nios_II_bsp/\libhal_bsp.a(alt_irq_entry.o)
 *(.exceptions.irqreturn.user)
 *(.exceptions.irqreturn)
 .exceptions.irqreturn
                0x0000000000020088        0x4 ../Hello_Nios_II_bsp/\libhal_bsp.a(alt_irq_entry.o)
 *(.exceptions.notirq.label)
 .exceptions.notirq.label
                0x000000000002008c        0x0 ../Hello_Nios_II_bsp/\libhal_bsp.a(alt_irq_entry.o)
 *(.exceptions.notirq.user)
 *(.exceptions.notirq)
 .exceptions.notirq
                0x000000000002008c        0x8 ../Hello_Nios_II_bsp/\libhal_bsp.a(alt_exception_entry.o)
 *(.exceptions.soft.user)
 *(.exceptions.soft)
 *(.exceptions.unknown.user)
 *(.exceptions.unknown)
 .exceptions.unknown
                0x0000000000020094        0x4 ../Hello_Nios_II_bsp/\libhal_bsp.a(alt_exception_entry.o)
 *(.exceptions.exit.label)
 .exceptions.exit.label
                0x0000000000020098        0x0 ../Hello_Nios_II_bsp/\libhal_bsp.a(alt_irq_entry.o)
 .exceptions.exit.label
                0x0000000000020098        0x0 ../Hello_Nios_II_bsp/\libhal_bsp.a(alt_exception_entry.o)
 *(.exceptions.exit.user)
 *(.exceptions.exit)
 .exceptions.exit
                0x0000000000020098       0x54 ../Hello_Nios_II_bsp/\libhal_bsp.a(alt_exception_entry.o)
 *(.exceptions)
 .exceptions    0x00000000000200ec       0xd0 ../Hello_Nios_II_bsp/\libhal_bsp.a(alt_irq_handler.o)
                0x00000000000200ec                alt_irq_handler
                0x00000000000201bc                PROVIDE (__ram_exceptions_end, ABSOLUTE (.))
                0x0000000000020020                PROVIDE (__flash_exceptions_start, LOADADDR (.exceptions))

.text           0x00000000000201bc     0x5270
                0x00000000000201bc                PROVIDE (stext, ABSOLUTE (.))
 *(.interp)
 *(.hash)
 *(.dynsym)
 *(.dynstr)
 *(.gnu.version)
 *(.gnu.version_d)
 *(.gnu.version_r)
 *(.rel.init)
 *(.rela.init)
 *(.rel.text .rel.text.* .rel.gnu.linkonce.t.*)
 *(.rela.text .rela.text.* .rela.gnu.linkonce.t.*)
 *(.rel.fini)
 *(.rela.fini)
 *(.rel.rodata .rel.rodata.* .rel.gnu.linkonce.r.*)
 *(.rela.rodata .rela.rodata.* .rela.gnu.linkonce.r.*)
 *(.rel.data .rel.data.* .rel.gnu.linkonce.d.*)
 *(.rela.data .rela.data.* .rela.gnu.linkonce.d.*)
 *(.rel.tdata .rel.tdata.* .rel.gnu.linkonce.td.*)
 *(.rela.tdata .rela.tdata.* .rela.gnu.linkonce.td.*)
 *(.rel.tbss .rel.tbss.* .rel.gnu.linkonce.tb.*)
 *(.rela.tbss .rela.tbss.* .rela.gnu.linkonce.tb.*)
 *(.rel.ctors)
 *(.rela.ctors)
 *(.rel.dtors)
 *(.rela.dtors)
 *(.rel.got)
 *(.rela.got)
 *(.rel.sdata .rel.sdata.* .rel.gnu.linkonce.s.*)
 *(.rela.sdata .rela.sdata.* .rela.gnu.linkonce.s.*)
 *(.rel.sbss .rel.sbss.* .rel.gnu.linkonce.sb.*)
 *(.rela.sbss .rela.sbss.* .rela.gnu.linkonce.sb.*)
 *(.rel.sdata2 .rel.sdata2.* .rel.gnu.linkonce.s2.*)
 *(.rela.sdata2 .rela.sdata2.* .rela.gnu.linkonce.s2.*)
 *(.rel.sbss2 .rel.sbss2.* .rel.gnu.linkonce.sb2.*)
 *(.rela.sbss2 .rela.sbss2.* .rela.gnu.linkonce.sb2.*)
 *(.rel.bss .rel.bss.* .rel.gnu.linkonce.b.*)
 *(.rela.bss .rela.bss.* .rela.gnu.linkonce.b.*)
 *(.rel.plt)
 *(.rela.plt)
 *(.rel.dyn)
 *(.init)
 *(.plt)
 *(.text .stub .text.* .gnu.linkonce.t.*)
 .text          0x00000000000201bc       0x3c ../Hello_Nios_II_bsp//obj/HAL/src/crt0.o
                0x00000000000201bc                _start
 .text          0x00000000000201f8       0x34 obj/default/hello_world.o
                0x00000000000201f8                main
 .text          0x000000000002022c       0xcc d:/altera/15.0/nios2eds/bin/gnu/h-x86_64-mingw32/bin/../lib/gcc/nios2-elf/4.9.1/../../../../../H-x86_64-mingw32/nios2-elf/lib/mno-hw-mul\libc.a(lib_a-puts.o)
                0x000000000002022c                _puts_r
                0x00000000000202e4                puts
 .text          0x00000000000202f8       0x98 d:/altera/15.0/nios2eds/bin/gnu/h-x86_64-mingw32/bin/../lib/gcc/nios2-elf/4.9.1/../../../../../H-x86_64-mingw32/nios2-elf/lib/mno-hw-mul\libc.a(lib_a-strlen.o)
                0x00000000000202f8                strlen
 .text          0x0000000000020390      0x4a4 d:/altera/15.0/nios2eds/bin/gnu/h-x86_64-mingw32/bin/../lib/gcc/nios2-elf/4.9.1/../../../../../H-x86_64-mingw32/nios2-elf/lib/mno-hw-mul\libc.a(lib_a-fvwrite.o)
                0x0000000000020390                __sfvwrite_r
 .text          0x0000000000020834        0x0 d:/altera/15.0/nios2eds/bin/gnu/h-x86_64-mingw32/bin/../lib/gcc/nios2-elf/4.9.1/../../../../../H-x86_64-mingw32/nios2-elf/lib/mno-hw-mul\libc.a(lib_a-impure.o)
 .text          0x0000000000020834      0x7a8 d:/altera/15.0/nios2eds/bin/gnu/h-x86_64-mingw32/bin/../lib/gcc/nios2-elf/4.9.1/../../../../../H-x86_64-mingw32/nios2-elf/lib/mno-hw-mul\libc.a(lib_a-mallocr.o)
                0x0000000000020834                _malloc_r
 .text          0x0000000000020fdc       0xe8 d:/altera/15.0/nios2eds/bin/gnu/h-x86_64-mingw32/bin/../lib/gcc/nios2-elf/4.9.1/../../../../../H-x86_64-mingw32/nios2-elf/lib/mno-hw-mul\libc.a(lib_a-memchr.o)
                0x0000000000020fdc                memchr
 .text          0x00000000000210c4      0x138 d:/altera/15.0/nios2eds/bin/gnu/h-x86_64-mingw32/bin/../lib/gcc/nios2-elf/4.9.1/../../../../../H-x86_64-mingw32/nios2-elf/lib/mno-hw-mul\libc.a(lib_a-memcpy.o)
                0x00000000000210c4                memcpy
 .text          0x00000000000211fc      0x15c d:/altera/15.0/nios2eds/bin/gnu/h-x86_64-mingw32/bin/../lib/gcc/nios2-elf/4.9.1/../../../../../H-x86_64-mingw32/nios2-elf/lib/mno-hw-mul\libc.a(lib_a-memmove.o)
                0x00000000000211fc                memmove
 .text          0x0000000000021358      0x5a0 d:/altera/15.0/nios2eds/bin/gnu/h-x86_64-mingw32/bin/../lib/gcc/nios2-elf/4.9.1/../../../../../H-x86_64-mingw32/nios2-elf/lib/mno-hw-mul\libc.a(lib_a-reallocr.o)
                0x0000000000021358                _realloc_r
 .text          0x00000000000218f8       0x54 d:/altera/15.0/nios2eds/bin/gnu/h-x86_64-mingw32/bin/../lib/gcc/nios2-elf/4.9.1/../../../../../H-x86_64-mingw32/nios2-elf/lib/mno-hw-mul\libc.a(lib_a-sbrkr.o)
                0x00000000000218f8                _sbrk_r
 .text          0x000000000002194c      0x130 d:/altera/15.0/nios2eds/bin/gnu/h-x86_64-mingw32/bin/../lib/gcc/nios2-elf/4.9.1/../../../../../H-x86_64-mingw32/nios2-elf/lib/mno-hw-mul\libc.a(lib_a-wsetup.o)
                0x000000000002194c                __swsetup_r
 .text          0x0000000000021a7c      0x258 d:/altera/15.0/nios2eds/bin/gnu/h-x86_64-mingw32/bin/../lib/gcc/nios2-elf/4.9.1/../../../../../H-x86_64-mingw32/nios2-elf/lib/mno-hw-mul\libc.a(lib_a-fflush.o)
                0x0000000000021a7c                _fflush_r
                0x0000000000021ca4                fflush
 .text          0x0000000000021cd4      0x3b4 d:/altera/15.0/nios2eds/bin/gnu/h-x86_64-mingw32/bin/../lib/gcc/nios2-elf/4.9.1/../../../../../H-x86_64-mingw32/nios2-elf/lib/mno-hw-mul\libc.a(lib_a-findfp.o)
                0x0000000000021ce4                _cleanup_r
                0x0000000000021e90                __sfmoreglue
                0x0000000000021f08                __sfp
                0x0000000000022020                _cleanup
                0x0000000000022038                __sinit
                0x0000000000022048                __sfp_lock_acquire
                0x000000000002204c                __sfp_lock_release
                0x0000000000022050                __sinit_lock_acquire
                0x0000000000022054                __sinit_lock_release
                0x0000000000022058                __fp_lock_all
                0x0000000000022070                __fp_unlock_all
 .text          0x0000000000022088      0x414 d:/altera/15.0/nios2eds/bin/gnu/h-x86_64-mingw32/bin/../lib/gcc/nios2-elf/4.9.1/../../../../../H-x86_64-mingw32/nios2-elf/lib/mno-hw-mul\libc.a(lib_a-freer.o)
                0x0000000000022088                _malloc_trim_r
                0x00000000000221ac                _free_r
 .text          0x000000000002249c      0x170 d:/altera/15.0/nios2eds/bin/gnu/h-x86_64-mingw32/bin/../lib/gcc/nios2-elf/4.9.1/../../../../../H-x86_64-mingw32/nios2-elf/lib/mno-hw-mul\libc.a(lib_a-fwalk.o)
                0x000000000002249c                _fwalk
                0x0000000000022554                _fwalk_reent
 .text          0x000000000002260c        0x0 d:/altera/15.0/nios2eds/bin/gnu/h-x86_64-mingw32/bin/../lib/gcc/nios2-elf/4.9.1/../../../../../H-x86_64-mingw32/nios2-elf/lib/mno-hw-mul\libc.a(lib_a-int_errno.o)
 .text          0x000000000002260c      0x1b8 d:/altera/15.0/nios2eds/bin/gnu/h-x86_64-mingw32/bin/../lib/gcc/nios2-elf/4.9.1/../../../../../H-x86_64-mingw32/nios2-elf/lib/mno-hw-mul\libc.a(lib_a-makebuf.o)
                0x000000000002260c                __smakebuf_r
 .text          0x00000000000227c4      0x124 d:/altera/15.0/nios2eds/bin/gnu/h-x86_64-mingw32/bin/../lib/gcc/nios2-elf/4.9.1/../../../../../H-x86_64-mingw32/nios2-elf/lib/mno-hw-mul\libc.a(lib_a-memset.o)
                0x00000000000227c4                memset
 .text          0x00000000000228e8      0x13c d:/altera/15.0/nios2eds/bin/gnu/h-x86_64-mingw32/bin/../lib/gcc/nios2-elf/4.9.1/../../../../../H-x86_64-mingw32/nios2-elf/lib/mno-hw-mul\libc.a(lib_a-stdio.o)
                0x00000000000228e8                __sread
                0x000000000002293c                __seofread
                0x0000000000022944                __swrite
                0x00000000000229c0                __sseek
                0x0000000000022a1c                __sclose
 .text          0x0000000000022a24       0x5c d:/altera/15.0/nios2eds/bin/gnu/h-x86_64-mingw32/bin/../lib/gcc/nios2-elf/4.9.1/../../../../../H-x86_64-mingw32/nios2-elf/lib/mno-hw-mul\libc.a(lib_a-writer.o)
                0x0000000000022a24                _write_r
 .text          0x0000000000022a80       0x54 d:/altera/15.0/nios2eds/bin/gnu/h-x86_64-mingw32/bin/../lib/gcc/nios2-elf/4.9.1/../../../../../H-x86_64-mingw32/nios2-elf/lib/mno-hw-mul\libc.a(closer.o)
                0x0000000000022a80                _close_r
 .text          0x0000000000022ad4      0x114 d:/altera/15.0/nios2eds/bin/gnu/h-x86_64-mingw32/bin/../lib/gcc/nios2-elf/4.9.1/../../../../../H-x86_64-mingw32/nios2-elf/lib/mno-hw-mul\libc.a(lib_a-fclose.o)
                0x0000000000022ad4                _fclose_r
                0x0000000000022bd4                fclose
 .text          0x0000000000022be8       0x58 d:/altera/15.0/nios2eds/bin/gnu/h-x86_64-mingw32/bin/../lib/gcc/nios2-elf/4.9.1/../../../../../H-x86_64-mingw32/nios2-elf/lib/mno-hw-mul\libc.a(lib_a-fstatr.o)
                0x0000000000022be8                _fstat_r
 .text          0x0000000000022c40       0x54 d:/altera/15.0/nios2eds/bin/gnu/h-x86_64-mingw32/bin/../lib/gcc/nios2-elf/4.9.1/../../../../../H-x86_64-mingw32/nios2-elf/lib/mno-hw-mul\libc.a(lib_a-isattyr.o)
                0x0000000000022c40                _isatty_r
 .text          0x0000000000022c94       0x5c d:/altera/15.0/nios2eds/bin/gnu/h-x86_64-mingw32/bin/../lib/gcc/nios2-elf/4.9.1/../../../../../H-x86_64-mingw32/nios2-elf/lib/mno-hw-mul\libc.a(lib_a-lseekr.o)
                0x0000000000022c94                _lseek_r
 .text          0x0000000000022cf0       0x5c d:/altera/15.0/nios2eds/bin/gnu/h-x86_64-mingw32/bin/../lib/gcc/nios2-elf/4.9.1/../../../../../H-x86_64-mingw32/nios2-elf/lib/mno-hw-mul\libc.a(lib_a-readr.o)
                0x0000000000022cf0                _read_r
 .text          0x0000000000022d4c       0x28 d:/altera/15.0/nios2eds/bin/gnu/h-x86_64-mingw32/bin/../lib/gcc/nios2-elf/4.9.1/mno-hw-mul\libgcc.a(lib2-mul.o)
                0x0000000000022d4c                __mulsi3
 .text          0x0000000000022d74      0x128 ../Hello_Nios_II_bsp/\libhal_bsp.a(alt_close.o)
                0x0000000000022dc4                close
 .text          0x0000000000022e9c       0x2c ../Hello_Nios_II_bsp/\libhal_bsp.a(alt_dev.o)
 .text          0x0000000000022ec8        0x0 ../Hello_Nios_II_bsp/\libhal_bsp.a(alt_errno.o)
 .text          0x0000000000022ec8      0x108 ../Hello_Nios_II_bsp/\libhal_bsp.a(alt_fstat.o)
                0x0000000000022f18                fstat
 .text          0x0000000000022fd0       0xfc ../Hello_Nios_II_bsp/\libhal_bsp.a(alt_isatty.o)
                0x0000000000023020                isatty
 .text          0x00000000000230cc       0xe4 ../Hello_Nios_II_bsp/\libhal_bsp.a(alt_load.o)
                0x0000000000023130                alt_load
 .text          0x00000000000231b0      0x12c ../Hello_Nios_II_bsp/\libhal_bsp.a(alt_lseek.o)
                0x0000000000023200                lseek
 .text          0x00000000000232dc       0x78 ../Hello_Nios_II_bsp/\libhal_bsp.a(alt_main.o)
                0x00000000000232dc                alt_main
 .text          0x0000000000023354       0x40 ../Hello_Nios_II_bsp/\libhal_bsp.a(alt_malloc_lock.o)
                0x0000000000023354                __malloc_lock
                0x0000000000023374                __malloc_unlock
 .text          0x0000000000023394      0x154 ../Hello_Nios_II_bsp/\libhal_bsp.a(alt_read.o)
                0x00000000000233e4                read
 .text          0x00000000000234e8       0x80 ../Hello_Nios_II_bsp/\libhal_bsp.a(alt_release_fd.o)
                0x00000000000234e8                alt_release_fd
 .text          0x0000000000023568       0xb0 ../Hello_Nios_II_bsp/\libhal_bsp.a(alt_sbrk.o)
                0x0000000000023568                sbrk
 .text          0x0000000000023618      0x150 ../Hello_Nios_II_bsp/\libhal_bsp.a(alt_write.o)
                0x0000000000023668                write
 .text          0x0000000000023768       0xb0 ../Hello_Nios_II_bsp/\libhal_bsp.a(alt_sys_init.o)
                0x00000000000237a0                alt_irq_init
                0x00000000000237d4                alt_sys_init
 .text          0x0000000000023818      0x164 ../Hello_Nios_II_bsp/\libhal_bsp.a(altera_avalon_jtag_uart_fd.o)
                0x0000000000023818                altera_avalon_jtag_uart_read_fd
                0x0000000000023878                altera_avalon_jtag_uart_write_fd
                0x00000000000238d8                altera_avalon_jtag_uart_close_fd
                0x0000000000023928                altera_avalon_jtag_uart_ioctl_fd
 .text          0x000000000002397c      0x3d8 ../Hello_Nios_II_bsp/\libhal_bsp.a(altera_avalon_jtag_uart_init.o)
                0x000000000002397c                altera_avalon_jtag_uart_init
                0x0000000000023cec                altera_avalon_jtag_uart_close
 .text          0x0000000000023d54       0xec ../Hello_Nios_II_bsp/\libhal_bsp.a(altera_avalon_jtag_uart_ioctl.o)
                0x0000000000023d54                altera_avalon_jtag_uart_ioctl
 .text          0x0000000000023e40      0x20c ../Hello_Nios_II_bsp/\libhal_bsp.a(altera_avalon_jtag_uart_read.o)
                0x0000000000023e40                altera_avalon_jtag_uart_read
 .text          0x000000000002404c      0x218 ../Hello_Nios_II_bsp/\libhal_bsp.a(altera_avalon_jtag_uart_write.o)
                0x000000000002404c                altera_avalon_jtag_uart_write
 .text          0x0000000000024264      0x140 ../Hello_Nios_II_bsp/\libhal_bsp.a(alt_alarm_start.o)
                0x0000000000024264                alt_alarm_start
 .text          0x00000000000243a4       0x1c ../Hello_Nios_II_bsp/\libhal_bsp.a(alt_dcache_flush_all.o)
                0x00000000000243a4                alt_dcache_flush_all
 .text          0x00000000000243c0       0xf4 ../Hello_Nios_II_bsp/\libhal_bsp.a(alt_dev_llist_insert.o)
                0x0000000000024410                alt_dev_llist_insert
 .text          0x00000000000244b4       0x5c ../Hello_Nios_II_bsp/\libhal_bsp.a(alt_do_ctors.o)
                0x00000000000244b4                _do_ctors
 .text          0x0000000000024510       0x5c ../Hello_Nios_II_bsp/\libhal_bsp.a(alt_do_dtors.o)
                0x0000000000024510                _do_dtors
 .text          0x000000000002456c       0x1c ../Hello_Nios_II_bsp/\libhal_bsp.a(alt_icache_flush_all.o)
                0x000000000002456c                alt_icache_flush_all
 .text          0x0000000000024588      0x1e0 ../Hello_Nios_II_bsp/\libhal_bsp.a(alt_iic.o)
                0x0000000000024588                alt_ic_isr_register
                0x00000000000245d8                alt_ic_irq_enable
                0x0000000000024678                alt_ic_irq_disable
                0x000000000002471c                alt_ic_irq_enabled
 .text          0x0000000000024768       0xf0 ../Hello_Nios_II_bsp/\libhal_bsp.a(alt_iic_isr_register.o)
                0x0000000000024768                alt_iic_isr_register
 .text          0x0000000000024858      0x158 ../Hello_Nios_II_bsp/\libhal_bsp.a(alt_io_redirect.o)
                0x0000000000024938                alt_io_redirect
 .text          0x00000000000249b0        0x0 ../Hello_Nios_II_bsp/\libhal_bsp.a(alt_irq_entry.o)
 .text          0x00000000000249b0        0x0 ../Hello_Nios_II_bsp/\libhal_bsp.a(alt_irq_handler.o)
 .text          0x00000000000249b0        0x0 ../Hello_Nios_II_bsp/\libhal_bsp.a(alt_irq_vars.o)
 .text          0x00000000000249b0      0x2a4 ../Hello_Nios_II_bsp/\libhal_bsp.a(alt_open.o)
                0x0000000000024af4                open
 .text          0x0000000000024c54      0x19c ../Hello_Nios_II_bsp/\libhal_bsp.a(alt_tick.o)
                0x0000000000024c54                alt_alarm_stop
                0x0000000000024cec                alt_tick
 .text          0x0000000000024df0       0x20 ../Hello_Nios_II_bsp/\libhal_bsp.a(altera_nios2_qsys_irq.o)
                0x0000000000024df0                altera_nios2_qsys_irq_init
 .text          0x0000000000024e10        0x0 ../Hello_Nios_II_bsp/\libhal_bsp.a(alt_exception_entry.o)
 .text          0x0000000000024e10       0x90 ../Hello_Nios_II_bsp/\libhal_bsp.a(alt_find_dev.o)
                0x0000000000024e10                alt_find_dev
 .text          0x0000000000024ea0      0x114 ../Hello_Nios_II_bsp/\libhal_bsp.a(alt_find_file.o)
                0x0000000000024ea0                alt_find_file
 .text          0x0000000000024fb4       0xd4 ../Hello_Nios_II_bsp/\libhal_bsp.a(alt_get_fd.o)
                0x0000000000024fb4                alt_get_fd
 .text          0x0000000000025088       0x14 d:/altera/15.0/nios2eds/bin/gnu/h-x86_64-mingw32/bin/../lib/gcc/nios2-elf/4.9.1/../../../../../H-x86_64-mingw32/nios2-elf/lib/mno-hw-mul\libc.a(lib_a-atexit.o)
                0x0000000000025088                atexit
 .text          0x000000000002509c       0x38 d:/altera/15.0/nios2eds/bin/gnu/h-x86_64-mingw32/bin/../lib/gcc/nios2-elf/4.9.1/../../../../../H-x86_64-mingw32/nios2-elf/lib/mno-hw-mul\libc.a(lib_a-exit.o)
                0x000000000002509c                exit
 .text          0x00000000000250d4       0x7c d:/altera/15.0/nios2eds/bin/gnu/h-x86_64-mingw32/bin/../lib/gcc/nios2-elf/4.9.1/../../../../../H-x86_64-mingw32/nios2-elf/lib/mno-hw-mul\libc.a(lib_a-memcmp.o)
                0x00000000000250d4                memcmp
 .text          0x0000000000025150      0x114 d:/altera/15.0/nios2eds/bin/gnu/h-x86_64-mingw32/bin/../lib/gcc/nios2-elf/4.9.1/../../../../../H-x86_64-mingw32/nios2-elf/lib/mno-hw-mul\libc.a(lib_a-__atexit.o)
                0x0000000000025150                __register_exitproc
 .text          0x0000000000025264      0x194 d:/altera/15.0/nios2eds/bin/gnu/h-x86_64-mingw32/bin/../lib/gcc/nios2-elf/4.9.1/../../../../../H-x86_64-mingw32/nios2-elf/lib/mno-hw-mul\libc.a(lib_a-__call_atexit.o)
                0x0000000000025264                __call_exitprocs
 .text          0x00000000000253f8       0x34 ../Hello_Nios_II_bsp/\libhal_bsp.a(alt_exit.o)
                0x00000000000253f8                _exit
 *(.gnu.warning.*)
 *(.fini)
                0x000000000002542c                PROVIDE (__etext, ABSOLUTE (.))
                0x000000000002542c                PROVIDE (_etext, ABSOLUTE (.))
                0x000000000002542c                PROVIDE (etext, ABSOLUTE (.))
 *(.eh_frame_hdr)
                0x000000000002542c                . = ALIGN (0x4)
                0x000000000002542c                PROVIDE (__preinit_array_start, ABSOLUTE (.))
 *(.preinit_array)
                0x000000000002542c                PROVIDE (__preinit_array_end, ABSOLUTE (.))
                0x000000000002542c                PROVIDE (__init_array_start, ABSOLUTE (.))
 *(.init_array)
                0x000000000002542c                PROVIDE (__init_array_end, ABSOLUTE (.))
                0x000000000002542c                PROVIDE (__fini_array_start, ABSOLUTE (.))
 *(.fini_array)
                0x000000000002542c                PROVIDE (__fini_array_end, ABSOLUTE (.))
 *(.eh_frame)
 *(.gcc_except_table .gcc_except_table.*)
 *(.dynamic)
                0x000000000002542c                PROVIDE (__CTOR_LIST__, ABSOLUTE (.))
 *(.ctors)
 *(SORT(.ctors.*))
                0x000000000002542c                PROVIDE (__CTOR_END__, ABSOLUTE (.))
                0x000000000002542c                PROVIDE (__DTOR_LIST__, ABSOLUTE (.))
 *(.dtors)
 *(SORT(.dtors.*))
                0x000000000002542c                PROVIDE (__DTOR_END__, ABSOLUTE (.))
 *(.jcr)
                0x000000000002542c                . = ALIGN (0x4)

.rodata         0x000000000002542c       0x48
                0x000000000002542c                PROVIDE (__ram_rodata_start, ABSOLUTE (.))
                0x000000000002542c                . = ALIGN (0x4)
 *(.rodata .rodata.* .gnu.linkonce.r.*)
 .rodata        0x000000000002542c       0x14 obj/default/hello_world.o
 .rodata.str1.4
                0x0000000000025440        0x2 d:/altera/15.0/nios2eds/bin/gnu/h-x86_64-mingw32/bin/../lib/gcc/nios2-elf/4.9.1/../../../../../H-x86_64-mingw32/nios2-elf/lib/mno-hw-mul\libc.a(lib_a-puts.o)
                                          0x4 (size before relaxing)
 *fill*         0x0000000000025442        0x2 
 .rodata.str1.4
                0x0000000000025444        0x4 d:/altera/15.0/nios2eds/bin/gnu/h-x86_64-mingw32/bin/../lib/gcc/nios2-elf/4.9.1/../../../../../H-x86_64-mingw32/nios2-elf/lib/mno-hw-mul\libc.a(lib_a-impure.o)
 .rodata        0x0000000000025448        0xc ../Hello_Nios_II_bsp/\libhal_bsp.a(alt_dev.o)
 .rodata        0x0000000000025454       0x10 ../Hello_Nios_II_bsp/\libhal_bsp.a(alt_main.o)
 .rodata        0x0000000000025464       0x10 ../Hello_Nios_II_bsp/\libhal_bsp.a(alt_sys_init.o)
 *(.rodata1)
                0x0000000000025474                . = ALIGN (0x4)
                0x0000000000025474                PROVIDE (__ram_rodata_end, ABSOLUTE (.))
                0x000000000002542c                PROVIDE (__flash_rodata_start, LOADADDR (.rodata))

.rwdata         0x0000000000025474     0x1a6c load address 0x0000000000026ee0
                0x0000000000025474                PROVIDE (__ram_rwdata_start, ABSOLUTE (.))
                0x0000000000025474                . = ALIGN (0x4)
 *(.got.plt)
 *(.got)
 *(.data1)
 *(.data .data.* .gnu.linkonce.d.*)
 .data          0x0000000000025474        0x0 ../Hello_Nios_II_bsp//obj/HAL/src/crt0.o
 .data          0x0000000000025474        0x0 obj/default/hello_world.o
 .data          0x0000000000025474        0x0 d:/altera/15.0/nios2eds/bin/gnu/h-x86_64-mingw32/bin/../lib/gcc/nios2-elf/4.9.1/../../../../../H-x86_64-mingw32/nios2-elf/lib/mno-hw-mul\libc.a(lib_a-puts.o)
 .data          0x0000000000025474        0x0 d:/altera/15.0/nios2eds/bin/gnu/h-x86_64-mingw32/bin/../lib/gcc/nios2-elf/4.9.1/../../../../../H-x86_64-mingw32/nios2-elf/lib/mno-hw-mul\libc.a(lib_a-strlen.o)
 .data          0x0000000000025474        0x0 d:/altera/15.0/nios2eds/bin/gnu/h-x86_64-mingw32/bin/../lib/gcc/nios2-elf/4.9.1/../../../../../H-x86_64-mingw32/nios2-elf/lib/mno-hw-mul\libc.a(lib_a-fvwrite.o)
 .data          0x0000000000025474      0x424 d:/altera/15.0/nios2eds/bin/gnu/h-x86_64-mingw32/bin/../lib/gcc/nios2-elf/4.9.1/../../../../../H-x86_64-mingw32/nios2-elf/lib/mno-hw-mul\libc.a(lib_a-impure.o)
 .data          0x0000000000025898      0x408 d:/altera/15.0/nios2eds/bin/gnu/h-x86_64-mingw32/bin/../lib/gcc/nios2-elf/4.9.1/../../../../../H-x86_64-mingw32/nios2-elf/lib/mno-hw-mul\libc.a(lib_a-mallocr.o)
                0x0000000000025898                __malloc_av_
 .data          0x0000000000025ca0        0x0 d:/altera/15.0/nios2eds/bin/gnu/h-x86_64-mingw32/bin/../lib/gcc/nios2-elf/4.9.1/../../../../../H-x86_64-mingw32/nios2-elf/lib/mno-hw-mul\libc.a(lib_a-memchr.o)
 .data          0x0000000000025ca0        0x0 d:/altera/15.0/nios2eds/bin/gnu/h-x86_64-mingw32/bin/../lib/gcc/nios2-elf/4.9.1/../../../../../H-x86_64-mingw32/nios2-elf/lib/mno-hw-mul\libc.a(lib_a-memcpy.o)
 .data          0x0000000000025ca0        0x0 d:/altera/15.0/nios2eds/bin/gnu/h-x86_64-mingw32/bin/../lib/gcc/nios2-elf/4.9.1/../../../../../H-x86_64-mingw32/nios2-elf/lib/mno-hw-mul\libc.a(lib_a-memmove.o)
 .data          0x0000000000025ca0        0x0 d:/altera/15.0/nios2eds/bin/gnu/h-x86_64-mingw32/bin/../lib/gcc/nios2-elf/4.9.1/../../../../../H-x86_64-mingw32/nios2-elf/lib/mno-hw-mul\libc.a(lib_a-reallocr.o)
 .data          0x0000000000025ca0        0x0 d:/altera/15.0/nios2eds/bin/gnu/h-x86_64-mingw32/bin/../lib/gcc/nios2-elf/4.9.1/../../../../../H-x86_64-mingw32/nios2-elf/lib/mno-hw-mul\libc.a(lib_a-sbrkr.o)
 .data          0x0000000000025ca0        0x0 d:/altera/15.0/nios2eds/bin/gnu/h-x86_64-mingw32/bin/../lib/gcc/nios2-elf/4.9.1/../../../../../H-x86_64-mingw32/nios2-elf/lib/mno-hw-mul\libc.a(lib_a-wsetup.o)
 .data          0x0000000000025ca0        0x0 d:/altera/15.0/nios2eds/bin/gnu/h-x86_64-mingw32/bin/../lib/gcc/nios2-elf/4.9.1/../../../../../H-x86_64-mingw32/nios2-elf/lib/mno-hw-mul\libc.a(lib_a-fflush.o)
 .data          0x0000000000025ca0        0x0 d:/altera/15.0/nios2eds/bin/gnu/h-x86_64-mingw32/bin/../lib/gcc/nios2-elf/4.9.1/../../../../../H-x86_64-mingw32/nios2-elf/lib/mno-hw-mul\libc.a(lib_a-findfp.o)
 .data          0x0000000000025ca0        0x0 d:/altera/15.0/nios2eds/bin/gnu/h-x86_64-mingw32/bin/../lib/gcc/nios2-elf/4.9.1/../../../../../H-x86_64-mingw32/nios2-elf/lib/mno-hw-mul\libc.a(lib_a-freer.o)
 .data          0x0000000000025ca0        0x0 d:/altera/15.0/nios2eds/bin/gnu/h-x86_64-mingw32/bin/../lib/gcc/nios2-elf/4.9.1/../../../../../H-x86_64-mingw32/nios2-elf/lib/mno-hw-mul\libc.a(lib_a-fwalk.o)
 .data          0x0000000000025ca0        0x0 d:/altera/15.0/nios2eds/bin/gnu/h-x86_64-mingw32/bin/../lib/gcc/nios2-elf/4.9.1/../../../../../H-x86_64-mingw32/nios2-elf/lib/mno-hw-mul\libc.a(lib_a-int_errno.o)
 .data          0x0000000000025ca0        0x0 d:/altera/15.0/nios2eds/bin/gnu/h-x86_64-mingw32/bin/../lib/gcc/nios2-elf/4.9.1/../../../../../H-x86_64-mingw32/nios2-elf/lib/mno-hw-mul\libc.a(lib_a-makebuf.o)
 .data          0x0000000000025ca0        0x0 d:/altera/15.0/nios2eds/bin/gnu/h-x86_64-mingw32/bin/../lib/gcc/nios2-elf/4.9.1/../../../../../H-x86_64-mingw32/nios2-elf/lib/mno-hw-mul\libc.a(lib_a-memset.o)
 .data          0x0000000000025ca0        0x0 d:/altera/15.0/nios2eds/bin/gnu/h-x86_64-mingw32/bin/../lib/gcc/nios2-elf/4.9.1/../../../../../H-x86_64-mingw32/nios2-elf/lib/mno-hw-mul\libc.a(lib_a-stdio.o)
 .data          0x0000000000025ca0        0x0 d:/altera/15.0/nios2eds/bin/gnu/h-x86_64-mingw32/bin/../lib/gcc/nios2-elf/4.9.1/../../../../../H-x86_64-mingw32/nios2-elf/lib/mno-hw-mul\libc.a(lib_a-writer.o)
 .data          0x0000000000025ca0        0x0 d:/altera/15.0/nios2eds/bin/gnu/h-x86_64-mingw32/bin/../lib/gcc/nios2-elf/4.9.1/../../../../../H-x86_64-mingw32/nios2-elf/lib/mno-hw-mul\libc.a(closer.o)
 .data          0x0000000000025ca0        0x0 d:/altera/15.0/nios2eds/bin/gnu/h-x86_64-mingw32/bin/../lib/gcc/nios2-elf/4.9.1/../../../../../H-x86_64-mingw32/nios2-elf/lib/mno-hw-mul\libc.a(lib_a-fclose.o)
 .data          0x0000000000025ca0        0x0 d:/altera/15.0/nios2eds/bin/gnu/h-x86_64-mingw32/bin/../lib/gcc/nios2-elf/4.9.1/../../../../../H-x86_64-mingw32/nios2-elf/lib/mno-hw-mul\libc.a(lib_a-fstatr.o)
 .data          0x0000000000025ca0        0x0 d:/altera/15.0/nios2eds/bin/gnu/h-x86_64-mingw32/bin/../lib/gcc/nios2-elf/4.9.1/../../../../../H-x86_64-mingw32/nios2-elf/lib/mno-hw-mul\libc.a(lib_a-isattyr.o)
 .data          0x0000000000025ca0        0x0 d:/altera/15.0/nios2eds/bin/gnu/h-x86_64-mingw32/bin/../lib/gcc/nios2-elf/4.9.1/../../../../../H-x86_64-mingw32/nios2-elf/lib/mno-hw-mul\libc.a(lib_a-lseekr.o)
 .data          0x0000000000025ca0        0x0 d:/altera/15.0/nios2eds/bin/gnu/h-x86_64-mingw32/bin/../lib/gcc/nios2-elf/4.9.1/../../../../../H-x86_64-mingw32/nios2-elf/lib/mno-hw-mul\libc.a(lib_a-readr.o)
 .data          0x0000000000025ca0        0x0 d:/altera/15.0/nios2eds/bin/gnu/h-x86_64-mingw32/bin/../lib/gcc/nios2-elf/4.9.1/mno-hw-mul\libgcc.a(lib2-mul.o)
 .data          0x0000000000025ca0        0x0 ../Hello_Nios_II_bsp/\libhal_bsp.a(alt_close.o)
 .data          0x0000000000025ca0      0x1a8 ../Hello_Nios_II_bsp/\libhal_bsp.a(alt_dev.o)
                0x0000000000025ca0                alt_dev_null
                0x0000000000025cc8                alt_fd_list
 .data          0x0000000000025e48        0x0 ../Hello_Nios_II_bsp/\libhal_bsp.a(alt_errno.o)
 .data          0x0000000000025e48        0x0 ../Hello_Nios_II_bsp/\libhal_bsp.a(alt_fstat.o)
 .data          0x0000000000025e48        0x0 ../Hello_Nios_II_bsp/\libhal_bsp.a(alt_isatty.o)
 .data          0x0000000000025e48        0x0 ../Hello_Nios_II_bsp/\libhal_bsp.a(alt_load.o)
 .data          0x0000000000025e48        0x0 ../Hello_Nios_II_bsp/\libhal_bsp.a(alt_lseek.o)
 .data          0x0000000000025e48        0x0 ../Hello_Nios_II_bsp/\libhal_bsp.a(alt_main.o)
 .data          0x0000000000025e48        0x0 ../Hello_Nios_II_bsp/\libhal_bsp.a(alt_malloc_lock.o)
 .data          0x0000000000025e48        0x0 ../Hello_Nios_II_bsp/\libhal_bsp.a(alt_read.o)
 .data          0x0000000000025e48        0x0 ../Hello_Nios_II_bsp/\libhal_bsp.a(alt_release_fd.o)
 .data          0x0000000000025e48        0x0 ../Hello_Nios_II_bsp/\libhal_bsp.a(alt_sbrk.o)
 .data          0x0000000000025e48        0x0 ../Hello_Nios_II_bsp/\libhal_bsp.a(alt_write.o)
 .data          0x0000000000025e48     0x1060 ../Hello_Nios_II_bsp/\libhal_bsp.a(alt_sys_init.o)
 .data          0x0000000000026ea8        0x0 ../Hello_Nios_II_bsp/\libhal_bsp.a(altera_avalon_jtag_uart_fd.o)
 .data          0x0000000000026ea8        0x0 ../Hello_Nios_II_bsp/\libhal_bsp.a(altera_avalon_jtag_uart_init.o)
 .data          0x0000000000026ea8        0x0 ../Hello_Nios_II_bsp/\libhal_bsp.a(altera_avalon_jtag_uart_ioctl.o)
 .data          0x0000000000026ea8        0x0 ../Hello_Nios_II_bsp/\libhal_bsp.a(altera_avalon_jtag_uart_read.o)
 .data          0x0000000000026ea8        0x0 ../Hello_Nios_II_bsp/\libhal_bsp.a(altera_avalon_jtag_uart_write.o)
 .data          0x0000000000026ea8        0x0 ../Hello_Nios_II_bsp/\libhal_bsp.a(alt_alarm_start.o)
 .data          0x0000000000026ea8        0x0 ../Hello_Nios_II_bsp/\libhal_bsp.a(alt_dcache_flush_all.o)
 .data          0x0000000000026ea8        0x0 ../Hello_Nios_II_bsp/\libhal_bsp.a(alt_dev_llist_insert.o)
 .data          0x0000000000026ea8        0x0 ../Hello_Nios_II_bsp/\libhal_bsp.a(alt_do_ctors.o)
 .data          0x0000000000026ea8        0x0 ../Hello_Nios_II_bsp/\libhal_bsp.a(alt_do_dtors.o)
 .data          0x0000000000026ea8        0x0 ../Hello_Nios_II_bsp/\libhal_bsp.a(alt_icache_flush_all.o)
 .data          0x0000000000026ea8        0x0 ../Hello_Nios_II_bsp/\libhal_bsp.a(alt_iic.o)
 .data          0x0000000000026ea8        0x0 ../Hello_Nios_II_bsp/\libhal_bsp.a(alt_iic_isr_register.o)
 .data          0x0000000000026ea8        0x0 ../Hello_Nios_II_bsp/\libhal_bsp.a(alt_io_redirect.o)
 .data          0x0000000000026ea8        0x0 ../Hello_Nios_II_bsp/\libhal_bsp.a(alt_irq_entry.o)
 .data          0x0000000000026ea8        0x0 ../Hello_Nios_II_bsp/\libhal_bsp.a(alt_irq_handler.o)
 .data          0x0000000000026ea8        0x0 ../Hello_Nios_II_bsp/\libhal_bsp.a(alt_irq_vars.o)
 .data          0x0000000000026ea8        0x0 ../Hello_Nios_II_bsp/\libhal_bsp.a(alt_open.o)
 .data          0x0000000000026ea8        0x0 ../Hello_Nios_II_bsp/\libhal_bsp.a(alt_tick.o)
 .data          0x0000000000026ea8        0x0 ../Hello_Nios_II_bsp/\libhal_bsp.a(altera_nios2_qsys_irq.o)
 .data          0x0000000000026ea8        0x0 ../Hello_Nios_II_bsp/\libhal_bsp.a(alt_exception_entry.o)
 .data          0x0000000000026ea8        0x0 ../Hello_Nios_II_bsp/\libhal_bsp.a(alt_find_dev.o)
 .data          0x0000000000026ea8        0x0 ../Hello_Nios_II_bsp/\libhal_bsp.a(alt_find_file.o)
 .data          0x0000000000026ea8        0x0 ../Hello_Nios_II_bsp/\libhal_bsp.a(alt_get_fd.o)
 .data          0x0000000000026ea8        0x0 d:/altera/15.0/nios2eds/bin/gnu/h-x86_64-mingw32/bin/../lib/gcc/nios2-elf/4.9.1/../../../../../H-x86_64-mingw32/nios2-elf/lib/mno-hw-mul\libc.a(lib_a-atexit.o)
 .data          0x0000000000026ea8        0x0 d:/altera/15.0/nios2eds/bin/gnu/h-x86_64-mingw32/bin/../lib/gcc/nios2-elf/4.9.1/../../../../../H-x86_64-mingw32/nios2-elf/lib/mno-hw-mul\libc.a(lib_a-exit.o)
 .data          0x0000000000026ea8        0x0 d:/altera/15.0/nios2eds/bin/gnu/h-x86_64-mingw32/bin/../lib/gcc/nios2-elf/4.9.1/../../../../../H-x86_64-mingw32/nios2-elf/lib/mno-hw-mul\libc.a(lib_a-memcmp.o)
 .data          0x0000000000026ea8        0x0 d:/altera/15.0/nios2eds/bin/gnu/h-x86_64-mingw32/bin/../lib/gcc/nios2-elf/4.9.1/../../../../../H-x86_64-mingw32/nios2-elf/lib/mno-hw-mul\libc.a(lib_a-__atexit.o)
 .data          0x0000000000026ea8        0x0 d:/altera/15.0/nios2eds/bin/gnu/h-x86_64-mingw32/bin/../lib/gcc/nios2-elf/4.9.1/../../../../../H-x86_64-mingw32/nios2-elf/lib/mno-hw-mul\libc.a(lib_a-__call_atexit.o)
 .data          0x0000000000026ea8        0x0 ../Hello_Nios_II_bsp/\libhal_bsp.a(alt_exit.o)
                0x000000000002eea8                _gp = ABSOLUTE ((. + 0x8000))
                0x000000000002eea8                PROVIDE (gp, _gp)
 *(.rwdata .rwdata.*)
 *(.sdata .sdata.* .gnu.linkonce.s.*)
 .sdata         0x0000000000026ea8        0x8 d:/altera/15.0/nios2eds/bin/gnu/h-x86_64-mingw32/bin/../lib/gcc/nios2-elf/4.9.1/../../../../../H-x86_64-mingw32/nios2-elf/lib/mno-hw-mul\libc.a(lib_a-impure.o)
                0x0000000000026ea8                _global_impure_ptr
                0x0000000000026eac                _impure_ptr
 .sdata         0x0000000000026eb0        0x8 d:/altera/15.0/nios2eds/bin/gnu/h-x86_64-mingw32/bin/../lib/gcc/nios2-elf/4.9.1/../../../../../H-x86_64-mingw32/nios2-elf/lib/mno-hw-mul\libc.a(lib_a-mallocr.o)
                0x0000000000026eb0                __malloc_sbrk_base
                0x0000000000026eb4                __malloc_trim_threshold
 .sdata         0x0000000000026eb8       0x14 ../Hello_Nios_II_bsp/\libhal_bsp.a(alt_dev.o)
                0x0000000000026eb8                alt_fs_list
                0x0000000000026ec0                alt_dev_list
                0x0000000000026ec8                alt_max_fd
 .sdata         0x0000000000026ecc        0x4 ../Hello_Nios_II_bsp/\libhal_bsp.a(alt_errno.o)
                0x0000000000026ecc                alt_errno
 .sdata         0x0000000000026ed0        0x4 ../Hello_Nios_II_bsp/\libhal_bsp.a(alt_sbrk.o)
 .sdata         0x0000000000026ed4        0x4 ../Hello_Nios_II_bsp/\libhal_bsp.a(alt_irq_vars.o)
                0x0000000000026ed4                alt_priority_mask
 .sdata         0x0000000000026ed8        0x8 ../Hello_Nios_II_bsp/\libhal_bsp.a(alt_tick.o)
                0x0000000000026ed8                alt_alarm_list
 *(.sdata2 .sdata2.* .gnu.linkonce.s2.*)
                0x0000000000026ee0                . = ALIGN (0x4)
                0x0000000000026ee0                _edata = ABSOLUTE (.)
                0x0000000000026ee0                PROVIDE (edata, ABSOLUTE (.))
                0x0000000000026ee0                PROVIDE (__ram_rwdata_end, ABSOLUTE (.))
                0x0000000000026ee0                PROVIDE (__flash_rwdata_start, LOADADDR (.rwdata))

.bss            0x000000000002894c      0x150
                0x000000000002894c                __bss_start = ABSOLUTE (.)
                0x000000000002894c                PROVIDE (__sbss_start, ABSOLUTE (.))
                0x000000000002894c                PROVIDE (___sbss_start, ABSOLUTE (.))
 *(.dynsbss)
 *(.sbss .sbss.* .gnu.linkonce.sb.*)
 .sbss          0x000000000002894c        0xc d:/altera/15.0/nios2eds/bin/gnu/h-x86_64-mingw32/bin/../lib/gcc/nios2-elf/4.9.1/../../../../../H-x86_64-mingw32/nios2-elf/lib/mno-hw-mul\libc.a(lib_a-mallocr.o)
                0x000000000002894c                __malloc_max_total_mem
                0x0000000000028950                __malloc_max_sbrked_mem
                0x0000000000028954                __malloc_top_pad
 .sbss          0x0000000000028958        0x4 d:/altera/15.0/nios2eds/bin/gnu/h-x86_64-mingw32/bin/../lib/gcc/nios2-elf/4.9.1/../../../../../H-x86_64-mingw32/nios2-elf/lib/mno-hw-mul\libc.a(lib_a-int_errno.o)
                0x0000000000028958                errno
 .sbss          0x000000000002895c        0xc ../Hello_Nios_II_bsp/\libhal_bsp.a(alt_main.o)
                0x000000000002895c                alt_argc
                0x0000000000028960                alt_argv
                0x0000000000028964                alt_envp
 .sbss          0x0000000000028968        0x4 ../Hello_Nios_II_bsp/\libhal_bsp.a(alt_irq_vars.o)
                0x0000000000028968                alt_irq_active
 .sbss          0x000000000002896c        0x8 ../Hello_Nios_II_bsp/\libhal_bsp.a(alt_tick.o)
                0x000000000002896c                _alt_tick_rate
                0x0000000000028970                _alt_nticks
 *(.sbss2 .sbss2.* .gnu.linkonce.sb2.*)
 *(.scommon)
                0x0000000000028974                PROVIDE (__sbss_end, ABSOLUTE (.))
                0x0000000000028974                PROVIDE (___sbss_end, ABSOLUTE (.))
 *(.dynbss)
 *(.bss .bss.* .gnu.linkonce.b.*)
 .bss           0x0000000000028974        0x0 ../Hello_Nios_II_bsp//obj/HAL/src/crt0.o
 .bss           0x0000000000028974        0x0 obj/default/hello_world.o
 .bss           0x0000000000028974        0x0 d:/altera/15.0/nios2eds/bin/gnu/h-x86_64-mingw32/bin/../lib/gcc/nios2-elf/4.9.1/../../../../../H-x86_64-mingw32/nios2-elf/lib/mno-hw-mul\libc.a(lib_a-puts.o)
 .bss           0x0000000000028974        0x0 d:/altera/15.0/nios2eds/bin/gnu/h-x86_64-mingw32/bin/../lib/gcc/nios2-elf/4.9.1/../../../../../H-x86_64-mingw32/nios2-elf/lib/mno-hw-mul\libc.a(lib_a-strlen.o)
 .bss           0x0000000000028974        0x0 d:/altera/15.0/nios2eds/bin/gnu/h-x86_64-mingw32/bin/../lib/gcc/nios2-elf/4.9.1/../../../../../H-x86_64-mingw32/nios2-elf/lib/mno-hw-mul\libc.a(lib_a-fvwrite.o)
 .bss           0x0000000000028974        0x0 d:/altera/15.0/nios2eds/bin/gnu/h-x86_64-mingw32/bin/../lib/gcc/nios2-elf/4.9.1/../../../../../H-x86_64-mingw32/nios2-elf/lib/mno-hw-mul\libc.a(lib_a-impure.o)
 .bss           0x0000000000028974       0x28 d:/altera/15.0/nios2eds/bin/gnu/h-x86_64-mingw32/bin/../lib/gcc/nios2-elf/4.9.1/../../../../../H-x86_64-mingw32/nios2-elf/lib/mno-hw-mul\libc.a(lib_a-mallocr.o)
                0x0000000000028974                __malloc_current_mallinfo
 .bss           0x000000000002899c        0x0 d:/altera/15.0/nios2eds/bin/gnu/h-x86_64-mingw32/bin/../lib/gcc/nios2-elf/4.9.1/../../../../../H-x86_64-mingw32/nios2-elf/lib/mno-hw-mul\libc.a(lib_a-memchr.o)
 .bss           0x000000000002899c        0x0 d:/altera/15.0/nios2eds/bin/gnu/h-x86_64-mingw32/bin/../lib/gcc/nios2-elf/4.9.1/../../../../../H-x86_64-mingw32/nios2-elf/lib/mno-hw-mul\libc.a(lib_a-memcpy.o)
 .bss           0x000000000002899c        0x0 d:/altera/15.0/nios2eds/bin/gnu/h-x86_64-mingw32/bin/../lib/gcc/nios2-elf/4.9.1/../../../../../H-x86_64-mingw32/nios2-elf/lib/mno-hw-mul\libc.a(lib_a-memmove.o)
 .bss           0x000000000002899c        0x0 d:/altera/15.0/nios2eds/bin/gnu/h-x86_64-mingw32/bin/../lib/gcc/nios2-elf/4.9.1/../../../../../H-x86_64-mingw32/nios2-elf/lib/mno-hw-mul\libc.a(lib_a-reallocr.o)
 .bss           0x000000000002899c        0x0 d:/altera/15.0/nios2eds/bin/gnu/h-x86_64-mingw32/bin/../lib/gcc/nios2-elf/4.9.1/../../../../../H-x86_64-mingw32/nios2-elf/lib/mno-hw-mul\libc.a(lib_a-sbrkr.o)
 .bss           0x000000000002899c        0x0 d:/altera/15.0/nios2eds/bin/gnu/h-x86_64-mingw32/bin/../lib/gcc/nios2-elf/4.9.1/../../../../../H-x86_64-mingw32/nios2-elf/lib/mno-hw-mul\libc.a(lib_a-wsetup.o)
 .bss           0x000000000002899c        0x0 d:/altera/15.0/nios2eds/bin/gnu/h-x86_64-mingw32/bin/../lib/gcc/nios2-elf/4.9.1/../../../../../H-x86_64-mingw32/nios2-elf/lib/mno-hw-mul\libc.a(lib_a-fflush.o)
 .bss           0x000000000002899c        0x0 d:/altera/15.0/nios2eds/bin/gnu/h-x86_64-mingw32/bin/../lib/gcc/nios2-elf/4.9.1/../../../../../H-x86_64-mingw32/nios2-elf/lib/mno-hw-mul\libc.a(lib_a-findfp.o)
 .bss           0x000000000002899c        0x0 d:/altera/15.0/nios2eds/bin/gnu/h-x86_64-mingw32/bin/../lib/gcc/nios2-elf/4.9.1/../../../../../H-x86_64-mingw32/nios2-elf/lib/mno-hw-mul\libc.a(lib_a-freer.o)
 .bss           0x000000000002899c        0x0 d:/altera/15.0/nios2eds/bin/gnu/h-x86_64-mingw32/bin/../lib/gcc/nios2-elf/4.9.1/../../../../../H-x86_64-mingw32/nios2-elf/lib/mno-hw-mul\libc.a(lib_a-fwalk.o)
 .bss           0x000000000002899c        0x0 d:/altera/15.0/nios2eds/bin/gnu/h-x86_64-mingw32/bin/../lib/gcc/nios2-elf/4.9.1/../../../../../H-x86_64-mingw32/nios2-elf/lib/mno-hw-mul\libc.a(lib_a-int_errno.o)
 .bss           0x000000000002899c        0x0 d:/altera/15.0/nios2eds/bin/gnu/h-x86_64-mingw32/bin/../lib/gcc/nios2-elf/4.9.1/../../../../../H-x86_64-mingw32/nios2-elf/lib/mno-hw-mul\libc.a(lib_a-makebuf.o)
 .bss           0x000000000002899c        0x0 d:/altera/15.0/nios2eds/bin/gnu/h-x86_64-mingw32/bin/../lib/gcc/nios2-elf/4.9.1/../../../../../H-x86_64-mingw32/nios2-elf/lib/mno-hw-mul\libc.a(lib_a-memset.o)
 .bss           0x000000000002899c        0x0 d:/altera/15.0/nios2eds/bin/gnu/h-x86_64-mingw32/bin/../lib/gcc/nios2-elf/4.9.1/../../../../../H-x86_64-mingw32/nios2-elf/lib/mno-hw-mul\libc.a(lib_a-stdio.o)
 .bss           0x000000000002899c        0x0 d:/altera/15.0/nios2eds/bin/gnu/h-x86_64-mingw32/bin/../lib/gcc/nios2-elf/4.9.1/../../../../../H-x86_64-mingw32/nios2-elf/lib/mno-hw-mul\libc.a(lib_a-writer.o)
 .bss           0x000000000002899c        0x0 d:/altera/15.0/nios2eds/bin/gnu/h-x86_64-mingw32/bin/../lib/gcc/nios2-elf/4.9.1/../../../../../H-x86_64-mingw32/nios2-elf/lib/mno-hw-mul\libc.a(closer.o)
 .bss           0x000000000002899c        0x0 d:/altera/15.0/nios2eds/bin/gnu/h-x86_64-mingw32/bin/../lib/gcc/nios2-elf/4.9.1/../../../../../H-x86_64-mingw32/nios2-elf/lib/mno-hw-mul\libc.a(lib_a-fclose.o)
 .bss           0x000000000002899c        0x0 d:/altera/15.0/nios2eds/bin/gnu/h-x86_64-mingw32/bin/../lib/gcc/nios2-elf/4.9.1/../../../../../H-x86_64-mingw32/nios2-elf/lib/mno-hw-mul\libc.a(lib_a-fstatr.o)
 .bss           0x000000000002899c        0x0 d:/altera/15.0/nios2eds/bin/gnu/h-x86_64-mingw32/bin/../lib/gcc/nios2-elf/4.9.1/../../../../../H-x86_64-mingw32/nios2-elf/lib/mno-hw-mul\libc.a(lib_a-isattyr.o)
 .bss           0x000000000002899c        0x0 d:/altera/15.0/nios2eds/bin/gnu/h-x86_64-mingw32/bin/../lib/gcc/nios2-elf/4.9.1/../../../../../H-x86_64-mingw32/nios2-elf/lib/mno-hw-mul\libc.a(lib_a-lseekr.o)
 .bss           0x000000000002899c        0x0 d:/altera/15.0/nios2eds/bin/gnu/h-x86_64-mingw32/bin/../lib/gcc/nios2-elf/4.9.1/../../../../../H-x86_64-mingw32/nios2-elf/lib/mno-hw-mul\libc.a(lib_a-readr.o)
 .bss           0x000000000002899c        0x0 d:/altera/15.0/nios2eds/bin/gnu/h-x86_64-mingw32/bin/../lib/gcc/nios2-elf/4.9.1/mno-hw-mul\libgcc.a(lib2-mul.o)
 .bss           0x000000000002899c        0x0 ../Hello_Nios_II_bsp/\libhal_bsp.a(alt_close.o)
 .bss           0x000000000002899c        0x0 ../Hello_Nios_II_bsp/\libhal_bsp.a(alt_dev.o)
 .bss           0x000000000002899c        0x0 ../Hello_Nios_II_bsp/\libhal_bsp.a(alt_errno.o)
 .bss           0x000000000002899c        0x0 ../Hello_Nios_II_bsp/\libhal_bsp.a(alt_fstat.o)
 .bss           0x000000000002899c        0x0 ../Hello_Nios_II_bsp/\libhal_bsp.a(alt_isatty.o)
 .bss           0x000000000002899c        0x0 ../Hello_Nios_II_bsp/\libhal_bsp.a(alt_load.o)
 .bss           0x000000000002899c        0x0 ../Hello_Nios_II_bsp/\libhal_bsp.a(alt_lseek.o)
 .bss           0x000000000002899c        0x0 ../Hello_Nios_II_bsp/\libhal_bsp.a(alt_main.o)
 .bss           0x000000000002899c        0x0 ../Hello_Nios_II_bsp/\libhal_bsp.a(alt_malloc_lock.o)
 .bss           0x000000000002899c        0x0 ../Hello_Nios_II_bsp/\libhal_bsp.a(alt_read.o)
 .bss           0x000000000002899c        0x0 ../Hello_Nios_II_bsp/\libhal_bsp.a(alt_release_fd.o)
 .bss           0x000000000002899c        0x0 ../Hello_Nios_II_bsp/\libhal_bsp.a(alt_sbrk.o)
 .bss           0x000000000002899c        0x0 ../Hello_Nios_II_bsp/\libhal_bsp.a(alt_write.o)
 .bss           0x000000000002899c        0x0 ../Hello_Nios_II_bsp/\libhal_bsp.a(alt_sys_init.o)
 .bss           0x000000000002899c        0x0 ../Hello_Nios_II_bsp/\libhal_bsp.a(altera_avalon_jtag_uart_fd.o)
 .bss           0x000000000002899c        0x0 ../Hello_Nios_II_bsp/\libhal_bsp.a(altera_avalon_jtag_uart_init.o)
 .bss           0x000000000002899c        0x0 ../Hello_Nios_II_bsp/\libhal_bsp.a(altera_avalon_jtag_uart_ioctl.o)
 .bss           0x000000000002899c        0x0 ../Hello_Nios_II_bsp/\libhal_bsp.a(altera_avalon_jtag_uart_read.o)
 .bss           0x000000000002899c        0x0 ../Hello_Nios_II_bsp/\libhal_bsp.a(altera_avalon_jtag_uart_write.o)
 .bss           0x000000000002899c        0x0 ../Hello_Nios_II_bsp/\libhal_bsp.a(alt_alarm_start.o)
 .bss           0x000000000002899c        0x0 ../Hello_Nios_II_bsp/\libhal_bsp.a(alt_dcache_flush_all.o)
 .bss           0x000000000002899c        0x0 ../Hello_Nios_II_bsp/\libhal_bsp.a(alt_dev_llist_insert.o)
 .bss           0x000000000002899c        0x0 ../Hello_Nios_II_bsp/\libhal_bsp.a(alt_do_ctors.o)
 .bss           0x000000000002899c        0x0 ../Hello_Nios_II_bsp/\libhal_bsp.a(alt_do_dtors.o)
 .bss           0x000000000002899c        0x0 ../Hello_Nios_II_bsp/\libhal_bsp.a(alt_icache_flush_all.o)
 .bss           0x000000000002899c        0x0 ../Hello_Nios_II_bsp/\libhal_bsp.a(alt_iic.o)
 .bss           0x000000000002899c        0x0 ../Hello_Nios_II_bsp/\libhal_bsp.a(alt_iic_isr_register.o)
 .bss           0x000000000002899c        0x0 ../Hello_Nios_II_bsp/\libhal_bsp.a(alt_io_redirect.o)
 .bss           0x000000000002899c        0x0 ../Hello_Nios_II_bsp/\libhal_bsp.a(alt_irq_entry.o)
 .bss           0x000000000002899c        0x0 ../Hello_Nios_II_bsp/\libhal_bsp.a(alt_irq_handler.o)
 .bss           0x000000000002899c        0x0 ../Hello_Nios_II_bsp/\libhal_bsp.a(alt_irq_vars.o)
 .bss           0x000000000002899c        0x0 ../Hello_Nios_II_bsp/\libhal_bsp.a(alt_open.o)
 .bss           0x000000000002899c        0x0 ../Hello_Nios_II_bsp/\libhal_bsp.a(alt_tick.o)
 .bss           0x000000000002899c        0x0 ../Hello_Nios_II_bsp/\libhal_bsp.a(altera_nios2_qsys_irq.o)
 .bss           0x000000000002899c        0x0 ../Hello_Nios_II_bsp/\libhal_bsp.a(alt_exception_entry.o)
 .bss           0x000000000002899c        0x0 ../Hello_Nios_II_bsp/\libhal_bsp.a(alt_find_dev.o)
 .bss           0x000000000002899c        0x0 ../Hello_Nios_II_bsp/\libhal_bsp.a(alt_find_file.o)
 .bss           0x000000000002899c        0x0 ../Hello_Nios_II_bsp/\libhal_bsp.a(alt_get_fd.o)
 .bss           0x000000000002899c        0x0 d:/altera/15.0/nios2eds/bin/gnu/h-x86_64-mingw32/bin/../lib/gcc/nios2-elf/4.9.1/../../../../../H-x86_64-mingw32/nios2-elf/lib/mno-hw-mul\libc.a(lib_a-atexit.o)
 .bss           0x000000000002899c        0x0 d:/altera/15.0/nios2eds/bin/gnu/h-x86_64-mingw32/bin/../lib/gcc/nios2-elf/4.9.1/../../../../../H-x86_64-mingw32/nios2-elf/lib/mno-hw-mul\libc.a(lib_a-exit.o)
 .bss           0x000000000002899c        0x0 d:/altera/15.0/nios2eds/bin/gnu/h-x86_64-mingw32/bin/../lib/gcc/nios2-elf/4.9.1/../../../../../H-x86_64-mingw32/nios2-elf/lib/mno-hw-mul\libc.a(lib_a-memcmp.o)
 .bss           0x000000000002899c        0x0 d:/altera/15.0/nios2eds/bin/gnu/h-x86_64-mingw32/bin/../lib/gcc/nios2-elf/4.9.1/../../../../../H-x86_64-mingw32/nios2-elf/lib/mno-hw-mul\libc.a(lib_a-__atexit.o)
 .bss           0x000000000002899c        0x0 d:/altera/15.0/nios2eds/bin/gnu/h-x86_64-mingw32/bin/../lib/gcc/nios2-elf/4.9.1/../../../../../H-x86_64-mingw32/nios2-elf/lib/mno-hw-mul\libc.a(lib_a-__call_atexit.o)
 .bss           0x000000000002899c        0x0 ../Hello_Nios_II_bsp/\libhal_bsp.a(alt_exit.o)
 *(COMMON)
 COMMON         0x000000000002899c      0x100 ../Hello_Nios_II_bsp/\libhal_bsp.a(alt_irq_handler.o)
                0x000000000002899c                alt_irq
                0x0000000000028a9c                . = ALIGN (0x4)
                0x0000000000028a9c                __bss_end = ABSOLUTE (.)

.onchip_memory2
                0x0000000000028a9c        0x0
                0x0000000000028a9c                PROVIDE (_alt_partition_onchip_memory2_start, ABSOLUTE (.))
 *(.onchip_memory2 .onchip_memory2. onchip_memory2.*)
                0x0000000000028a9c                . = ALIGN (0x4)
                0x0000000000028a9c                PROVIDE (_alt_partition_onchip_memory2_end, ABSOLUTE (.))
                0x0000000000028a9c                _end = ABSOLUTE (.)
                0x0000000000028a9c                end = ABSOLUTE (.)
                0x0000000000028a9c                __alt_stack_base = ABSOLUTE (.)
                0x0000000000028a9c                PROVIDE (_alt_partition_onchip_memory2_load_addr, LOADADDR (.onchip_memory2))

.stab
 *(.stab)

.stabstr
 *(.stabstr)

.stab.excl
 *(.stab.excl)

.stab.exclstr
 *(.stab.exclstr)

.stab.index
 *(.stab.index)

.stab.indexstr
 *(.stab.indexstr)

.comment        0x0000000000000000       0x23
 *(.comment)
 .comment       0x0000000000000000       0x23 obj/default/hello_world.o
                                         0x24 (size before relaxing)
 .comment       0x0000000000000000       0x24 d:/altera/15.0/nios2eds/bin/gnu/h-x86_64-mingw32/bin/../lib/gcc/nios2-elf/4.9.1/../../../../../H-x86_64-mingw32/nios2-elf/lib/mno-hw-mul\libc.a(lib_a-puts.o)
 .comment       0x0000000000000000       0x24 d:/altera/15.0/nios2eds/bin/gnu/h-x86_64-mingw32/bin/../lib/gcc/nios2-elf/4.9.1/../../../../../H-x86_64-mingw32/nios2-elf/lib/mno-hw-mul\libc.a(lib_a-strlen.o)
 .comment       0x0000000000000000       0x24 d:/altera/15.0/nios2eds/bin/gnu/h-x86_64-mingw32/bin/../lib/gcc/nios2-elf/4.9.1/../../../../../H-x86_64-mingw32/nios2-elf/lib/mno-hw-mul\libc.a(lib_a-fvwrite.o)
 .comment       0x0000000000000000       0x24 d:/altera/15.0/nios2eds/bin/gnu/h-x86_64-mingw32/bin/../lib/gcc/nios2-elf/4.9.1/../../../../../H-x86_64-mingw32/nios2-elf/lib/mno-hw-mul\libc.a(lib_a-impure.o)
 .comment       0x0000000000000000       0x24 d:/altera/15.0/nios2eds/bin/gnu/h-x86_64-mingw32/bin/../lib/gcc/nios2-elf/4.9.1/../../../../../H-x86_64-mingw32/nios2-elf/lib/mno-hw-mul\libc.a(lib_a-mallocr.o)
 .comment       0x0000000000000000       0x24 d:/altera/15.0/nios2eds/bin/gnu/h-x86_64-mingw32/bin/../lib/gcc/nios2-elf/4.9.1/../../../../../H-x86_64-mingw32/nios2-elf/lib/mno-hw-mul\libc.a(lib_a-memchr.o)
 .comment       0x0000000000000000       0x24 d:/altera/15.0/nios2eds/bin/gnu/h-x86_64-mingw32/bin/../lib/gcc/nios2-elf/4.9.1/../../../../../H-x86_64-mingw32/nios2-elf/lib/mno-hw-mul\libc.a(lib_a-memcpy.o)
 .comment       0x0000000000000000       0x24 d:/altera/15.0/nios2eds/bin/gnu/h-x86_64-mingw32/bin/../lib/gcc/nios2-elf/4.9.1/../../../../../H-x86_64-mingw32/nios2-elf/lib/mno-hw-mul\libc.a(lib_a-memmove.o)
 .comment       0x0000000000000000       0x24 d:/altera/15.0/nios2eds/bin/gnu/h-x86_64-mingw32/bin/../lib/gcc/nios2-elf/4.9.1/../../../../../H-x86_64-mingw32/nios2-elf/lib/mno-hw-mul\libc.a(lib_a-reallocr.o)
 .comment       0x0000000000000000       0x24 d:/altera/15.0/nios2eds/bin/gnu/h-x86_64-mingw32/bin/../lib/gcc/nios2-elf/4.9.1/../../../../../H-x86_64-mingw32/nios2-elf/lib/mno-hw-mul\libc.a(lib_a-sbrkr.o)
 .comment       0x0000000000000000       0x24 d:/altera/15.0/nios2eds/bin/gnu/h-x86_64-mingw32/bin/../lib/gcc/nios2-elf/4.9.1/../../../../../H-x86_64-mingw32/nios2-elf/lib/mno-hw-mul\libc.a(lib_a-wsetup.o)
 .comment       0x0000000000000000       0x24 d:/altera/15.0/nios2eds/bin/gnu/h-x86_64-mingw32/bin/../lib/gcc/nios2-elf/4.9.1/../../../../../H-x86_64-mingw32/nios2-elf/lib/mno-hw-mul\libc.a(lib_a-fflush.o)
 .comment       0x0000000000000000       0x24 d:/altera/15.0/nios2eds/bin/gnu/h-x86_64-mingw32/bin/../lib/gcc/nios2-elf/4.9.1/../../../../../H-x86_64-mingw32/nios2-elf/lib/mno-hw-mul\libc.a(lib_a-findfp.o)
 .comment       0x0000000000000000       0x24 d:/altera/15.0/nios2eds/bin/gnu/h-x86_64-mingw32/bin/../lib/gcc/nios2-elf/4.9.1/../../../../../H-x86_64-mingw32/nios2-elf/lib/mno-hw-mul\libc.a(lib_a-freer.o)
 .comment       0x0000000000000000       0x24 d:/altera/15.0/nios2eds/bin/gnu/h-x86_64-mingw32/bin/../lib/gcc/nios2-elf/4.9.1/../../../../../H-x86_64-mingw32/nios2-elf/lib/mno-hw-mul\libc.a(lib_a-fwalk.o)
 .comment       0x0000000000000000       0x24 d:/altera/15.0/nios2eds/bin/gnu/h-x86_64-mingw32/bin/../lib/gcc/nios2-elf/4.9.1/../../../../../H-x86_64-mingw32/nios2-elf/lib/mno-hw-mul\libc.a(lib_a-int_errno.o)
 .comment       0x0000000000000000       0x24 d:/altera/15.0/nios2eds/bin/gnu/h-x86_64-mingw32/bin/../lib/gcc/nios2-elf/4.9.1/../../../../../H-x86_64-mingw32/nios2-elf/lib/mno-hw-mul\libc.a(lib_a-makebuf.o)
 .comment       0x0000000000000000       0x24 d:/altera/15.0/nios2eds/bin/gnu/h-x86_64-mingw32/bin/../lib/gcc/nios2-elf/4.9.1/../../../../../H-x86_64-mingw32/nios2-elf/lib/mno-hw-mul\libc.a(lib_a-memset.o)
 .comment       0x0000000000000000       0x24 d:/altera/15.0/nios2eds/bin/gnu/h-x86_64-mingw32/bin/../lib/gcc/nios2-elf/4.9.1/../../../../../H-x86_64-mingw32/nios2-elf/lib/mno-hw-mul\libc.a(lib_a-stdio.o)
 .comment       0x0000000000000000       0x24 d:/altera/15.0/nios2eds/bin/gnu/h-x86_64-mingw32/bin/../lib/gcc/nios2-elf/4.9.1/../../../../../H-x86_64-mingw32/nios2-elf/lib/mno-hw-mul\libc.a(lib_a-writer.o)
 .comment       0x0000000000000000       0x24 d:/altera/15.0/nios2eds/bin/gnu/h-x86_64-mingw32/bin/../lib/gcc/nios2-elf/4.9.1/../../../../../H-x86_64-mingw32/nios2-elf/lib/mno-hw-mul\libc.a(closer.o)
 .comment       0x0000000000000000       0x24 d:/altera/15.0/nios2eds/bin/gnu/h-x86_64-mingw32/bin/../lib/gcc/nios2-elf/4.9.1/../../../../../H-x86_64-mingw32/nios2-elf/lib/mno-hw-mul\libc.a(lib_a-fclose.o)
 .comment       0x0000000000000000       0x24 d:/altera/15.0/nios2eds/bin/gnu/h-x86_64-mingw32/bin/../lib/gcc/nios2-elf/4.9.1/../../../../../H-x86_64-mingw32/nios2-elf/lib/mno-hw-mul\libc.a(lib_a-fstatr.o)
 .comment       0x0000000000000000       0x24 d:/altera/15.0/nios2eds/bin/gnu/h-x86_64-mingw32/bin/../lib/gcc/nios2-elf/4.9.1/../../../../../H-x86_64-mingw32/nios2-elf/lib/mno-hw-mul\libc.a(lib_a-isattyr.o)
 .comment       0x0000000000000000       0x24 d:/altera/15.0/nios2eds/bin/gnu/h-x86_64-mingw32/bin/../lib/gcc/nios2-elf/4.9.1/../../../../../H-x86_64-mingw32/nios2-elf/lib/mno-hw-mul\libc.a(lib_a-lseekr.o)
 .comment       0x0000000000000000       0x24 d:/altera/15.0/nios2eds/bin/gnu/h-x86_64-mingw32/bin/../lib/gcc/nios2-elf/4.9.1/../../../../../H-x86_64-mingw32/nios2-elf/lib/mno-hw-mul\libc.a(lib_a-readr.o)
 .comment       0x0000000000000000       0x24 d:/altera/15.0/nios2eds/bin/gnu/h-x86_64-mingw32/bin/../lib/gcc/nios2-elf/4.9.1/mno-hw-mul\libgcc.a(lib2-mul.o)
 .comment       0x0000000000000000       0x24 ../Hello_Nios_II_bsp/\libhal_bsp.a(alt_close.o)
 .comment       0x0000000000000000       0x24 ../Hello_Nios_II_bsp/\libhal_bsp.a(alt_dev.o)
 .comment       0x0000000000000000       0x24 ../Hello_Nios_II_bsp/\libhal_bsp.a(alt_errno.o)
 .comment       0x0000000000000000       0x24 ../Hello_Nios_II_bsp/\libhal_bsp.a(alt_fstat.o)
 .comment       0x0000000000000000       0x24 ../Hello_Nios_II_bsp/\libhal_bsp.a(alt_isatty.o)
 .comment       0x0000000000000000       0x24 ../Hello_Nios_II_bsp/\libhal_bsp.a(alt_load.o)
 .comment       0x0000000000000000       0x24 ../Hello_Nios_II_bsp/\libhal_bsp.a(alt_lseek.o)
 .comment       0x0000000000000000       0x24 ../Hello_Nios_II_bsp/\libhal_bsp.a(alt_main.o)
 .comment       0x0000000000000000       0x24 ../Hello_Nios_II_bsp/\libhal_bsp.a(alt_malloc_lock.o)
 .comment       0x0000000000000000       0x24 ../Hello_Nios_II_bsp/\libhal_bsp.a(alt_read.o)
 .comment       0x0000000000000000       0x24 ../Hello_Nios_II_bsp/\libhal_bsp.a(alt_release_fd.o)
 .comment       0x0000000000000000       0x24 ../Hello_Nios_II_bsp/\libhal_bsp.a(alt_sbrk.o)
 .comment       0x0000000000000000       0x24 ../Hello_Nios_II_bsp/\libhal_bsp.a(alt_write.o)
 .comment       0x0000000000000000       0x24 ../Hello_Nios_II_bsp/\libhal_bsp.a(alt_sys_init.o)
 .comment       0x0000000000000000       0x24 ../Hello_Nios_II_bsp/\libhal_bsp.a(altera_avalon_jtag_uart_fd.o)
 .comment       0x0000000000000000       0x24 ../Hello_Nios_II_bsp/\libhal_bsp.a(altera_avalon_jtag_uart_init.o)
 .comment       0x0000000000000000       0x24 ../Hello_Nios_II_bsp/\libhal_bsp.a(altera_avalon_jtag_uart_ioctl.o)
 .comment       0x0000000000000000       0x24 ../Hello_Nios_II_bsp/\libhal_bsp.a(altera_avalon_jtag_uart_read.o)
 .comment       0x0000000000000000       0x24 ../Hello_Nios_II_bsp/\libhal_bsp.a(altera_avalon_jtag_uart_write.o)
 .comment       0x0000000000000000       0x24 ../Hello_Nios_II_bsp/\libhal_bsp.a(alt_alarm_start.o)
 .comment       0x0000000000000000       0x24 ../Hello_Nios_II_bsp/\libhal_bsp.a(alt_dcache_flush_all.o)
 .comment       0x0000000000000000       0x24 ../Hello_Nios_II_bsp/\libhal_bsp.a(alt_dev_llist_insert.o)
 .comment       0x0000000000000000       0x24 ../Hello_Nios_II_bsp/\libhal_bsp.a(alt_do_ctors.o)
 .comment       0x0000000000000000       0x24 ../Hello_Nios_II_bsp/\libhal_bsp.a(alt_do_dtors.o)
 .comment       0x0000000000000000       0x24 ../Hello_Nios_II_bsp/\libhal_bsp.a(alt_icache_flush_all.o)
 .comment       0x0000000000000000       0x24 ../Hello_Nios_II_bsp/\libhal_bsp.a(alt_iic.o)
 .comment       0x0000000000000000       0x24 ../Hello_Nios_II_bsp/\libhal_bsp.a(alt_iic_isr_register.o)
 .comment       0x0000000000000000       0x24 ../Hello_Nios_II_bsp/\libhal_bsp.a(alt_io_redirect.o)
 .comment       0x0000000000000000       0x24 ../Hello_Nios_II_bsp/\libhal_bsp.a(alt_irq_handler.o)
 .comment       0x0000000000000000       0x24 ../Hello_Nios_II_bsp/\libhal_bsp.a(alt_irq_vars.o)
 .comment       0x0000000000000000       0x24 ../Hello_Nios_II_bsp/\libhal_bsp.a(alt_open.o)
 .comment       0x0000000000000000       0x24 ../Hello_Nios_II_bsp/\libhal_bsp.a(alt_tick.o)
 .comment       0x0000000000000000       0x24 ../Hello_Nios_II_bsp/\libhal_bsp.a(altera_nios2_qsys_irq.o)
 .comment       0x0000000000000000       0x24 ../Hello_Nios_II_bsp/\libhal_bsp.a(alt_find_dev.o)
 .comment       0x0000000000000000       0x24 ../Hello_Nios_II_bsp/\libhal_bsp.a(alt_find_file.o)
 .comment       0x0000000000000000       0x24 ../Hello_Nios_II_bsp/\libhal_bsp.a(alt_get_fd.o)
 .comment       0x0000000000000000       0x24 d:/altera/15.0/nios2eds/bin/gnu/h-x86_64-mingw32/bin/../lib/gcc/nios2-elf/4.9.1/../../../../../H-x86_64-mingw32/nios2-elf/lib/mno-hw-mul\libc.a(lib_a-atexit.o)
 .comment       0x0000000000000000       0x24 d:/altera/15.0/nios2eds/bin/gnu/h-x86_64-mingw32/bin/../lib/gcc/nios2-elf/4.9.1/../../../../../H-x86_64-mingw32/nios2-elf/lib/mno-hw-mul\libc.a(lib_a-exit.o)
 .comment       0x0000000000000000       0x24 d:/altera/15.0/nios2eds/bin/gnu/h-x86_64-mingw32/bin/../lib/gcc/nios2-elf/4.9.1/../../../../../H-x86_64-mingw32/nios2-elf/lib/mno-hw-mul\libc.a(lib_a-memcmp.o)
 .comment       0x0000000000000000       0x24 d:/altera/15.0/nios2eds/bin/gnu/h-x86_64-mingw32/bin/../lib/gcc/nios2-elf/4.9.1/../../../../../H-x86_64-mingw32/nios2-elf/lib/mno-hw-mul\libc.a(lib_a-__atexit.o)
 .comment       0x0000000000000000       0x24 d:/altera/15.0/nios2eds/bin/gnu/h-x86_64-mingw32/bin/../lib/gcc/nios2-elf/4.9.1/../../../../../H-x86_64-mingw32/nios2-elf/lib/mno-hw-mul\libc.a(lib_a-__call_atexit.o)
 .comment       0x0000000000000000       0x24 ../Hello_Nios_II_bsp/\libhal_bsp.a(alt_exit.o)

.debug
 *(.debug)

.line
 *(.line)

.debug_srcinfo
 *(.debug_srcinfo)

.debug_sfnames
 *(.debug_sfnames)

.debug_aranges  0x0000000000000000      0x930
 *(.debug_aranges)
 .debug_aranges
                0x0000000000000000       0x28 ../Hello_Nios_II_bsp//obj/HAL/src/crt0.o
 .debug_aranges
                0x0000000000000028       0x20 obj/default/hello_world.o
 .debug_aranges
                0x0000000000000048       0x20 d:/altera/15.0/nios2eds/bin/gnu/h-x86_64-mingw32/bin/../lib/gcc/nios2-elf/4.9.1/../../../../../H-x86_64-mingw32/nios2-elf/lib/mno-hw-mul\libc.a(lib_a-puts.o)
 .debug_aranges
                0x0000000000000068       0x20 d:/altera/15.0/nios2eds/bin/gnu/h-x86_64-mingw32/bin/../lib/gcc/nios2-elf/4.9.1/../../../../../H-x86_64-mingw32/nios2-elf/lib/mno-hw-mul\libc.a(lib_a-strlen.o)
 .debug_aranges
                0x0000000000000088       0x20 d:/altera/15.0/nios2eds/bin/gnu/h-x86_64-mingw32/bin/../lib/gcc/nios2-elf/4.9.1/../../../../../H-x86_64-mingw32/nios2-elf/lib/mno-hw-mul\libc.a(lib_a-fvwrite.o)
 .debug_aranges
                0x00000000000000a8       0x18 d:/altera/15.0/nios2eds/bin/gnu/h-x86_64-mingw32/bin/../lib/gcc/nios2-elf/4.9.1/../../../../../H-x86_64-mingw32/nios2-elf/lib/mno-hw-mul\libc.a(lib_a-impure.o)
 .debug_aranges
                0x00000000000000c0       0x20 d:/altera/15.0/nios2eds/bin/gnu/h-x86_64-mingw32/bin/../lib/gcc/nios2-elf/4.9.1/../../../../../H-x86_64-mingw32/nios2-elf/lib/mno-hw-mul\libc.a(lib_a-mallocr.o)
 .debug_aranges
                0x00000000000000e0       0x20 d:/altera/15.0/nios2eds/bin/gnu/h-x86_64-mingw32/bin/../lib/gcc/nios2-elf/4.9.1/../../../../../H-x86_64-mingw32/nios2-elf/lib/mno-hw-mul\libc.a(lib_a-memchr.o)
 .debug_aranges
                0x0000000000000100       0x20 d:/altera/15.0/nios2eds/bin/gnu/h-x86_64-mingw32/bin/../lib/gcc/nios2-elf/4.9.1/../../../../../H-x86_64-mingw32/nios2-elf/lib/mno-hw-mul\libc.a(lib_a-memcpy.o)
 .debug_aranges
                0x0000000000000120       0x20 d:/altera/15.0/nios2eds/bin/gnu/h-x86_64-mingw32/bin/../lib/gcc/nios2-elf/4.9.1/../../../../../H-x86_64-mingw32/nios2-elf/lib/mno-hw-mul\libc.a(lib_a-memmove.o)
 .debug_aranges
                0x0000000000000140       0x20 d:/altera/15.0/nios2eds/bin/gnu/h-x86_64-mingw32/bin/../lib/gcc/nios2-elf/4.9.1/../../../../../H-x86_64-mingw32/nios2-elf/lib/mno-hw-mul\libc.a(lib_a-reallocr.o)
 .debug_aranges
                0x0000000000000160       0x20 d:/altera/15.0/nios2eds/bin/gnu/h-x86_64-mingw32/bin/../lib/gcc/nios2-elf/4.9.1/../../../../../H-x86_64-mingw32/nios2-elf/lib/mno-hw-mul\libc.a(lib_a-sbrkr.o)
 .debug_aranges
                0x0000000000000180       0x20 d:/altera/15.0/nios2eds/bin/gnu/h-x86_64-mingw32/bin/../lib/gcc/nios2-elf/4.9.1/../../../../../H-x86_64-mingw32/nios2-elf/lib/mno-hw-mul\libc.a(lib_a-wsetup.o)
 .debug_aranges
                0x00000000000001a0       0x20 d:/altera/15.0/nios2eds/bin/gnu/h-x86_64-mingw32/bin/../lib/gcc/nios2-elf/4.9.1/../../../../../H-x86_64-mingw32/nios2-elf/lib/mno-hw-mul\libc.a(lib_a-fflush.o)
 .debug_aranges
                0x00000000000001c0       0x20 d:/altera/15.0/nios2eds/bin/gnu/h-x86_64-mingw32/bin/../lib/gcc/nios2-elf/4.9.1/../../../../../H-x86_64-mingw32/nios2-elf/lib/mno-hw-mul\libc.a(lib_a-findfp.o)
 .debug_aranges
                0x00000000000001e0       0x20 d:/altera/15.0/nios2eds/bin/gnu/h-x86_64-mingw32/bin/../lib/gcc/nios2-elf/4.9.1/../../../../../H-x86_64-mingw32/nios2-elf/lib/mno-hw-mul\libc.a(lib_a-freer.o)
 .debug_aranges
                0x0000000000000200       0x20 d:/altera/15.0/nios2eds/bin/gnu/h-x86_64-mingw32/bin/../lib/gcc/nios2-elf/4.9.1/../../../../../H-x86_64-mingw32/nios2-elf/lib/mno-hw-mul\libc.a(lib_a-fwalk.o)
 .debug_aranges
                0x0000000000000220       0x18 d:/altera/15.0/nios2eds/bin/gnu/h-x86_64-mingw32/bin/../lib/gcc/nios2-elf/4.9.1/../../../../../H-x86_64-mingw32/nios2-elf/lib/mno-hw-mul\libc.a(lib_a-int_errno.o)
 .debug_aranges
                0x0000000000000238       0x20 d:/altera/15.0/nios2eds/bin/gnu/h-x86_64-mingw32/bin/../lib/gcc/nios2-elf/4.9.1/../../../../../H-x86_64-mingw32/nios2-elf/lib/mno-hw-mul\libc.a(lib_a-makebuf.o)
 .debug_aranges
                0x0000000000000258       0x20 d:/altera/15.0/nios2eds/bin/gnu/h-x86_64-mingw32/bin/../lib/gcc/nios2-elf/4.9.1/../../../../../H-x86_64-mingw32/nios2-elf/lib/mno-hw-mul\libc.a(lib_a-memset.o)
 .debug_aranges
                0x0000000000000278       0x20 d:/altera/15.0/nios2eds/bin/gnu/h-x86_64-mingw32/bin/../lib/gcc/nios2-elf/4.9.1/../../../../../H-x86_64-mingw32/nios2-elf/lib/mno-hw-mul\libc.a(lib_a-stdio.o)
 .debug_aranges
                0x0000000000000298       0x20 d:/altera/15.0/nios2eds/bin/gnu/h-x86_64-mingw32/bin/../lib/gcc/nios2-elf/4.9.1/../../../../../H-x86_64-mingw32/nios2-elf/lib/mno-hw-mul\libc.a(lib_a-writer.o)
 .debug_aranges
                0x00000000000002b8       0x20 d:/altera/15.0/nios2eds/bin/gnu/h-x86_64-mingw32/bin/../lib/gcc/nios2-elf/4.9.1/../../../../../H-x86_64-mingw32/nios2-elf/lib/mno-hw-mul\libc.a(closer.o)
 .debug_aranges
                0x00000000000002d8       0x20 d:/altera/15.0/nios2eds/bin/gnu/h-x86_64-mingw32/bin/../lib/gcc/nios2-elf/4.9.1/../../../../../H-x86_64-mingw32/nios2-elf/lib/mno-hw-mul\libc.a(lib_a-fclose.o)
 .debug_aranges
                0x00000000000002f8       0x20 d:/altera/15.0/nios2eds/bin/gnu/h-x86_64-mingw32/bin/../lib/gcc/nios2-elf/4.9.1/../../../../../H-x86_64-mingw32/nios2-elf/lib/mno-hw-mul\libc.a(lib_a-fstatr.o)
 .debug_aranges
                0x0000000000000318       0x20 d:/altera/15.0/nios2eds/bin/gnu/h-x86_64-mingw32/bin/../lib/gcc/nios2-elf/4.9.1/../../../../../H-x86_64-mingw32/nios2-elf/lib/mno-hw-mul\libc.a(lib_a-isattyr.o)
 .debug_aranges
                0x0000000000000338       0x20 d:/altera/15.0/nios2eds/bin/gnu/h-x86_64-mingw32/bin/../lib/gcc/nios2-elf/4.9.1/../../../../../H-x86_64-mingw32/nios2-elf/lib/mno-hw-mul\libc.a(lib_a-lseekr.o)
 .debug_aranges
                0x0000000000000358       0x20 d:/altera/15.0/nios2eds/bin/gnu/h-x86_64-mingw32/bin/../lib/gcc/nios2-elf/4.9.1/../../../../../H-x86_64-mingw32/nios2-elf/lib/mno-hw-mul\libc.a(lib_a-readr.o)
 .debug_aranges
                0x0000000000000378       0x20 d:/altera/15.0/nios2eds/bin/gnu/h-x86_64-mingw32/bin/../lib/gcc/nios2-elf/4.9.1/mno-hw-mul\libgcc.a(lib2-mul.o)
 .debug_aranges
                0x0000000000000398       0x20 ../Hello_Nios_II_bsp/\libhal_bsp.a(alt_close.o)
 .debug_aranges
                0x00000000000003b8       0x20 ../Hello_Nios_II_bsp/\libhal_bsp.a(alt_dev.o)
 .debug_aranges
                0x00000000000003d8       0x18 ../Hello_Nios_II_bsp/\libhal_bsp.a(alt_errno.o)
 .debug_aranges
                0x00000000000003f0       0x20 ../Hello_Nios_II_bsp/\libhal_bsp.a(alt_fstat.o)
 .debug_aranges
                0x0000000000000410       0x20 ../Hello_Nios_II_bsp/\libhal_bsp.a(alt_isatty.o)
 .debug_aranges
                0x0000000000000430       0x20 ../Hello_Nios_II_bsp/\libhal_bsp.a(alt_load.o)
 .debug_aranges
                0x0000000000000450       0x20 ../Hello_Nios_II_bsp/\libhal_bsp.a(alt_lseek.o)
 .debug_aranges
                0x0000000000000470       0x20 ../Hello_Nios_II_bsp/\libhal_bsp.a(alt_main.o)
 .debug_aranges
                0x0000000000000490       0x20 ../Hello_Nios_II_bsp/\libhal_bsp.a(alt_malloc_lock.o)
 .debug_aranges
                0x00000000000004b0       0x20 ../Hello_Nios_II_bsp/\libhal_bsp.a(alt_read.o)
 .debug_aranges
                0x00000000000004d0       0x20 ../Hello_Nios_II_bsp/\libhal_bsp.a(alt_release_fd.o)
 .debug_aranges
                0x00000000000004f0       0x20 ../Hello_Nios_II_bsp/\libhal_bsp.a(alt_sbrk.o)
 .debug_aranges
                0x0000000000000510       0x20 ../Hello_Nios_II_bsp/\libhal_bsp.a(alt_write.o)
 .debug_aranges
                0x0000000000000530       0x20 ../Hello_Nios_II_bsp/\libhal_bsp.a(alt_sys_init.o)
 .debug_aranges
                0x0000000000000550       0x20 ../Hello_Nios_II_bsp/\libhal_bsp.a(altera_avalon_jtag_uart_fd.o)
 .debug_aranges
                0x0000000000000570       0x20 ../Hello_Nios_II_bsp/\libhal_bsp.a(altera_avalon_jtag_uart_init.o)
 .debug_aranges
                0x0000000000000590       0x20 ../Hello_Nios_II_bsp/\libhal_bsp.a(altera_avalon_jtag_uart_ioctl.o)
 .debug_aranges
                0x00000000000005b0       0x20 ../Hello_Nios_II_bsp/\libhal_bsp.a(altera_avalon_jtag_uart_read.o)
 .debug_aranges
                0x00000000000005d0       0x20 ../Hello_Nios_II_bsp/\libhal_bsp.a(altera_avalon_jtag_uart_write.o)
 .debug_aranges
                0x00000000000005f0       0x20 ../Hello_Nios_II_bsp/\libhal_bsp.a(alt_alarm_start.o)
 .debug_aranges
                0x0000000000000610       0x20 ../Hello_Nios_II_bsp/\libhal_bsp.a(alt_dcache_flush_all.o)
 .debug_aranges
                0x0000000000000630       0x20 ../Hello_Nios_II_bsp/\libhal_bsp.a(alt_dev_llist_insert.o)
 .debug_aranges
                0x0000000000000650       0x20 ../Hello_Nios_II_bsp/\libhal_bsp.a(alt_do_ctors.o)
 .debug_aranges
                0x0000000000000670       0x20 ../Hello_Nios_II_bsp/\libhal_bsp.a(alt_do_dtors.o)
 .debug_aranges
                0x0000000000000690       0x20 ../Hello_Nios_II_bsp/\libhal_bsp.a(alt_icache_flush_all.o)
 .debug_aranges
                0x00000000000006b0       0x20 ../Hello_Nios_II_bsp/\libhal_bsp.a(alt_iic.o)
 .debug_aranges
                0x00000000000006d0       0x20 ../Hello_Nios_II_bsp/\libhal_bsp.a(alt_iic_isr_register.o)
 .debug_aranges
                0x00000000000006f0       0x20 ../Hello_Nios_II_bsp/\libhal_bsp.a(alt_io_redirect.o)
 .debug_aranges
                0x0000000000000710       0x30 ../Hello_Nios_II_bsp/\libhal_bsp.a(alt_irq_entry.o)
 .debug_aranges
                0x0000000000000740       0x20 ../Hello_Nios_II_bsp/\libhal_bsp.a(alt_irq_handler.o)
 .debug_aranges
                0x0000000000000760       0x18 ../Hello_Nios_II_bsp/\libhal_bsp.a(alt_irq_vars.o)
 .debug_aranges
                0x0000000000000778       0x20 ../Hello_Nios_II_bsp/\libhal_bsp.a(alt_open.o)
 .debug_aranges
                0x0000000000000798       0x20 ../Hello_Nios_II_bsp/\libhal_bsp.a(alt_tick.o)
 .debug_aranges
                0x00000000000007b8       0x20 ../Hello_Nios_II_bsp/\libhal_bsp.a(altera_nios2_qsys_irq.o)
 .debug_aranges
                0x00000000000007d8       0x38 ../Hello_Nios_II_bsp/\libhal_bsp.a(alt_exception_entry.o)
 .debug_aranges
                0x0000000000000810       0x20 ../Hello_Nios_II_bsp/\libhal_bsp.a(alt_find_dev.o)
 .debug_aranges
                0x0000000000000830       0x20 ../Hello_Nios_II_bsp/\libhal_bsp.a(alt_find_file.o)
 .debug_aranges
                0x0000000000000850       0x20 ../Hello_Nios_II_bsp/\libhal_bsp.a(alt_get_fd.o)
 .debug_aranges
                0x0000000000000870       0x20 d:/altera/15.0/nios2eds/bin/gnu/h-x86_64-mingw32/bin/../lib/gcc/nios2-elf/4.9.1/../../../../../H-x86_64-mingw32/nios2-elf/lib/mno-hw-mul\libc.a(lib_a-atexit.o)
 .debug_aranges
                0x0000000000000890       0x20 d:/altera/15.0/nios2eds/bin/gnu/h-x86_64-mingw32/bin/../lib/gcc/nios2-elf/4.9.1/../../../../../H-x86_64-mingw32/nios2-elf/lib/mno-hw-mul\libc.a(lib_a-exit.o)
 .debug_aranges
                0x00000000000008b0       0x20 d:/altera/15.0/nios2eds/bin/gnu/h-x86_64-mingw32/bin/../lib/gcc/nios2-elf/4.9.1/../../../../../H-x86_64-mingw32/nios2-elf/lib/mno-hw-mul\libc.a(lib_a-memcmp.o)
 .debug_aranges
                0x00000000000008d0       0x20 d:/altera/15.0/nios2eds/bin/gnu/h-x86_64-mingw32/bin/../lib/gcc/nios2-elf/4.9.1/../../../../../H-x86_64-mingw32/nios2-elf/lib/mno-hw-mul\libc.a(lib_a-__atexit.o)
 .debug_aranges
                0x00000000000008f0       0x20 d:/altera/15.0/nios2eds/bin/gnu/h-x86_64-mingw32/bin/../lib/gcc/nios2-elf/4.9.1/../../../../../H-x86_64-mingw32/nios2-elf/lib/mno-hw-mul\libc.a(lib_a-__call_atexit.o)
 .debug_aranges
                0x0000000000000910       0x20 ../Hello_Nios_II_bsp/\libhal_bsp.a(alt_exit.o)

.debug_pubnames
 *(.debug_pubnames)

.debug_info     0x0000000000000000    0x15e3a
 *(.debug_info .gnu.linkonce.wi.*)
 .debug_info    0x0000000000000000       0x90 ../Hello_Nios_II_bsp//obj/HAL/src/crt0.o
 .debug_info    0x0000000000000090       0x8f obj/default/hello_world.o
 .debug_info    0x000000000000011f      0x9f4 d:/altera/15.0/nios2eds/bin/gnu/h-x86_64-mingw32/bin/../lib/gcc/nios2-elf/4.9.1/../../../../../H-x86_64-mingw32/nios2-elf/lib/mno-hw-mul\libc.a(lib_a-puts.o)
 .debug_info    0x0000000000000b13       0xdb d:/altera/15.0/nios2eds/bin/gnu/h-x86_64-mingw32/bin/../lib/gcc/nios2-elf/4.9.1/../../../../../H-x86_64-mingw32/nios2-elf/lib/mno-hw-mul\libc.a(lib_a-strlen.o)
 .debug_info    0x0000000000000bee      0xc31 d:/altera/15.0/nios2eds/bin/gnu/h-x86_64-mingw32/bin/../lib/gcc/nios2-elf/4.9.1/../../../../../H-x86_64-mingw32/nios2-elf/lib/mno-hw-mul\libc.a(lib_a-fvwrite.o)
 .debug_info    0x000000000000181f      0x88f d:/altera/15.0/nios2eds/bin/gnu/h-x86_64-mingw32/bin/../lib/gcc/nios2-elf/4.9.1/../../../../../H-x86_64-mingw32/nios2-elf/lib/mno-hw-mul\libc.a(lib_a-impure.o)
 .debug_info    0x00000000000020ae      0xd71 d:/altera/15.0/nios2eds/bin/gnu/h-x86_64-mingw32/bin/../lib/gcc/nios2-elf/4.9.1/../../../../../H-x86_64-mingw32/nios2-elf/lib/mno-hw-mul\libc.a(lib_a-mallocr.o)
 .debug_info    0x0000000000002e1f      0x12b d:/altera/15.0/nios2eds/bin/gnu/h-x86_64-mingw32/bin/../lib/gcc/nios2-elf/4.9.1/../../../../../H-x86_64-mingw32/nios2-elf/lib/mno-hw-mul\libc.a(lib_a-memchr.o)
 .debug_info    0x0000000000002f4a      0x133 d:/altera/15.0/nios2eds/bin/gnu/h-x86_64-mingw32/bin/../lib/gcc/nios2-elf/4.9.1/../../../../../H-x86_64-mingw32/nios2-elf/lib/mno-hw-mul\libc.a(lib_a-memcpy.o)
 .debug_info    0x000000000000307d      0x133 d:/altera/15.0/nios2eds/bin/gnu/h-x86_64-mingw32/bin/../lib/gcc/nios2-elf/4.9.1/../../../../../H-x86_64-mingw32/nios2-elf/lib/mno-hw-mul\libc.a(lib_a-memmove.o)
 .debug_info    0x00000000000031b0      0xcc6 d:/altera/15.0/nios2eds/bin/gnu/h-x86_64-mingw32/bin/../lib/gcc/nios2-elf/4.9.1/../../../../../H-x86_64-mingw32/nios2-elf/lib/mno-hw-mul\libc.a(lib_a-reallocr.o)
 .debug_info    0x0000000000003e76      0x8ef d:/altera/15.0/nios2eds/bin/gnu/h-x86_64-mingw32/bin/../lib/gcc/nios2-elf/4.9.1/../../../../../H-x86_64-mingw32/nios2-elf/lib/mno-hw-mul\libc.a(lib_a-sbrkr.o)
 .debug_info    0x0000000000004765      0x91d d:/altera/15.0/nios2eds/bin/gnu/h-x86_64-mingw32/bin/../lib/gcc/nios2-elf/4.9.1/../../../../../H-x86_64-mingw32/nios2-elf/lib/mno-hw-mul\libc.a(lib_a-wsetup.o)
 .debug_info    0x0000000000005082      0xa3a d:/altera/15.0/nios2eds/bin/gnu/h-x86_64-mingw32/bin/../lib/gcc/nios2-elf/4.9.1/../../../../../H-x86_64-mingw32/nios2-elf/lib/mno-hw-mul\libc.a(lib_a-fflush.o)
 .debug_info    0x0000000000005abc      0xd37 d:/altera/15.0/nios2eds/bin/gnu/h-x86_64-mingw32/bin/../lib/gcc/nios2-elf/4.9.1/../../../../../H-x86_64-mingw32/nios2-elf/lib/mno-hw-mul\libc.a(lib_a-findfp.o)
 .debug_info    0x00000000000067f3      0xc02 d:/altera/15.0/nios2eds/bin/gnu/h-x86_64-mingw32/bin/../lib/gcc/nios2-elf/4.9.1/../../../../../H-x86_64-mingw32/nios2-elf/lib/mno-hw-mul\libc.a(lib_a-freer.o)
 .debug_info    0x00000000000073f5      0xab7 d:/altera/15.0/nios2eds/bin/gnu/h-x86_64-mingw32/bin/../lib/gcc/nios2-elf/4.9.1/../../../../../H-x86_64-mingw32/nios2-elf/lib/mno-hw-mul\libc.a(lib_a-fwalk.o)
 .debug_info    0x0000000000007eac       0x83 d:/altera/15.0/nios2eds/bin/gnu/h-x86_64-mingw32/bin/../lib/gcc/nios2-elf/4.9.1/../../../../../H-x86_64-mingw32/nios2-elf/lib/mno-hw-mul\libc.a(lib_a-int_errno.o)
 .debug_info    0x0000000000007f2f      0xaff d:/altera/15.0/nios2eds/bin/gnu/h-x86_64-mingw32/bin/../lib/gcc/nios2-elf/4.9.1/../../../../../H-x86_64-mingw32/nios2-elf/lib/mno-hw-mul\libc.a(lib_a-makebuf.o)
 .debug_info    0x0000000000008a2e      0x11a d:/altera/15.0/nios2eds/bin/gnu/h-x86_64-mingw32/bin/../lib/gcc/nios2-elf/4.9.1/../../../../../H-x86_64-mingw32/nios2-elf/lib/mno-hw-mul\libc.a(lib_a-memset.o)
 .debug_info    0x0000000000008b48      0xb83 d:/altera/15.0/nios2eds/bin/gnu/h-x86_64-mingw32/bin/../lib/gcc/nios2-elf/4.9.1/../../../../../H-x86_64-mingw32/nios2-elf/lib/mno-hw-mul\libc.a(lib_a-stdio.o)
 .debug_info    0x00000000000096cb      0x921 d:/altera/15.0/nios2eds/bin/gnu/h-x86_64-mingw32/bin/../lib/gcc/nios2-elf/4.9.1/../../../../../H-x86_64-mingw32/nios2-elf/lib/mno-hw-mul\libc.a(lib_a-writer.o)
 .debug_info    0x0000000000009fec      0x8ce d:/altera/15.0/nios2eds/bin/gnu/h-x86_64-mingw32/bin/../lib/gcc/nios2-elf/4.9.1/../../../../../H-x86_64-mingw32/nios2-elf/lib/mno-hw-mul\libc.a(closer.o)
 .debug_info    0x000000000000a8ba      0xa12 d:/altera/15.0/nios2eds/bin/gnu/h-x86_64-mingw32/bin/../lib/gcc/nios2-elf/4.9.1/../../../../../H-x86_64-mingw32/nios2-elf/lib/mno-hw-mul\libc.a(lib_a-fclose.o)
 .debug_info    0x000000000000b2cc      0xa5c d:/altera/15.0/nios2eds/bin/gnu/h-x86_64-mingw32/bin/../lib/gcc/nios2-elf/4.9.1/../../../../../H-x86_64-mingw32/nios2-elf/lib/mno-hw-mul\libc.a(lib_a-fstatr.o)
 .debug_info    0x000000000000bd28      0x8ce d:/altera/15.0/nios2eds/bin/gnu/h-x86_64-mingw32/bin/../lib/gcc/nios2-elf/4.9.1/../../../../../H-x86_64-mingw32/nios2-elf/lib/mno-hw-mul\libc.a(lib_a-isattyr.o)
 .debug_info    0x000000000000c5f6      0x91a d:/altera/15.0/nios2eds/bin/gnu/h-x86_64-mingw32/bin/../lib/gcc/nios2-elf/4.9.1/../../../../../H-x86_64-mingw32/nios2-elf/lib/mno-hw-mul\libc.a(lib_a-lseekr.o)
 .debug_info    0x000000000000cf10      0x91a d:/altera/15.0/nios2eds/bin/gnu/h-x86_64-mingw32/bin/../lib/gcc/nios2-elf/4.9.1/../../../../../H-x86_64-mingw32/nios2-elf/lib/mno-hw-mul\libc.a(lib_a-readr.o)
 .debug_info    0x000000000000d82a       0xb4 d:/altera/15.0/nios2eds/bin/gnu/h-x86_64-mingw32/bin/../lib/gcc/nios2-elf/4.9.1/mno-hw-mul\libgcc.a(lib2-mul.o)
 .debug_info    0x000000000000d8de      0x31a ../Hello_Nios_II_bsp/\libhal_bsp.a(alt_close.o)
 .debug_info    0x000000000000dbf8      0x495 ../Hello_Nios_II_bsp/\libhal_bsp.a(alt_dev.o)
 .debug_info    0x000000000000e08d       0x9f ../Hello_Nios_II_bsp/\libhal_bsp.a(alt_errno.o)
 .debug_info    0x000000000000e12c      0x481 ../Hello_Nios_II_bsp/\libhal_bsp.a(alt_fstat.o)
 .debug_info    0x000000000000e5ad      0x484 ../Hello_Nios_II_bsp/\libhal_bsp.a(alt_isatty.o)
 .debug_info    0x000000000000ea31      0x13e ../Hello_Nios_II_bsp/\libhal_bsp.a(alt_load.o)
 .debug_info    0x000000000000eb6f      0x34b ../Hello_Nios_II_bsp/\libhal_bsp.a(alt_lseek.o)
 .debug_info    0x000000000000eeba      0x12a ../Hello_Nios_II_bsp/\libhal_bsp.a(alt_main.o)
 .debug_info    0x000000000000efe4      0x89f ../Hello_Nios_II_bsp/\libhal_bsp.a(alt_malloc_lock.o)
 .debug_info    0x000000000000f883      0x4a9 ../Hello_Nios_II_bsp/\libhal_bsp.a(alt_read.o)
 .debug_info    0x000000000000fd2c      0x2b0 ../Hello_Nios_II_bsp/\libhal_bsp.a(alt_release_fd.o)
 .debug_info    0x000000000000ffdc      0x1a5 ../Hello_Nios_II_bsp/\libhal_bsp.a(alt_sbrk.o)
 .debug_info    0x0000000000010181      0x4b0 ../Hello_Nios_II_bsp/\libhal_bsp.a(alt_write.o)
 .debug_info    0x0000000000010631      0x4bc ../Hello_Nios_II_bsp/\libhal_bsp.a(alt_sys_init.o)
 .debug_info    0x0000000000010aed      0x527 ../Hello_Nios_II_bsp/\libhal_bsp.a(altera_avalon_jtag_uart_fd.o)
 .debug_info    0x0000000000011014      0x3a1 ../Hello_Nios_II_bsp/\libhal_bsp.a(altera_avalon_jtag_uart_init.o)
 .debug_info    0x00000000000113b5      0x279 ../Hello_Nios_II_bsp/\libhal_bsp.a(altera_avalon_jtag_uart_ioctl.o)
 .debug_info    0x000000000001162e      0x342 ../Hello_Nios_II_bsp/\libhal_bsp.a(altera_avalon_jtag_uart_read.o)
 .debug_info    0x0000000000011970      0x339 ../Hello_Nios_II_bsp/\libhal_bsp.a(altera_avalon_jtag_uart_write.o)
 .debug_info    0x0000000000011ca9      0x2c5 ../Hello_Nios_II_bsp/\libhal_bsp.a(alt_alarm_start.o)
 .debug_info    0x0000000000011f6e       0x8b ../Hello_Nios_II_bsp/\libhal_bsp.a(alt_dcache_flush_all.o)
 .debug_info    0x0000000000011ff9      0x1a2 ../Hello_Nios_II_bsp/\libhal_bsp.a(alt_dev_llist_insert.o)
 .debug_info    0x000000000001219b       0x83 ../Hello_Nios_II_bsp/\libhal_bsp.a(alt_do_ctors.o)
 .debug_info    0x000000000001221e       0x83 ../Hello_Nios_II_bsp/\libhal_bsp.a(alt_do_dtors.o)
 .debug_info    0x00000000000122a1       0x8b ../Hello_Nios_II_bsp/\libhal_bsp.a(alt_icache_flush_all.o)
 .debug_info    0x000000000001232c      0x349 ../Hello_Nios_II_bsp/\libhal_bsp.a(alt_iic.o)
 .debug_info    0x0000000000012675      0x1e8 ../Hello_Nios_II_bsp/\libhal_bsp.a(alt_iic_isr_register.o)
 .debug_info    0x000000000001285d      0x49e ../Hello_Nios_II_bsp/\libhal_bsp.a(alt_io_redirect.o)
 .debug_info    0x0000000000012cfb       0x99 ../Hello_Nios_II_bsp/\libhal_bsp.a(alt_irq_entry.o)
 .debug_info    0x0000000000012d94      0x180 ../Hello_Nios_II_bsp/\libhal_bsp.a(alt_irq_handler.o)
 .debug_info    0x0000000000012f14       0x88 ../Hello_Nios_II_bsp/\libhal_bsp.a(alt_irq_vars.o)
 .debug_info    0x0000000000012f9c      0x3b4 ../Hello_Nios_II_bsp/\libhal_bsp.a(alt_open.o)
 .debug_info    0x0000000000013350      0x292 ../Hello_Nios_II_bsp/\libhal_bsp.a(alt_tick.o)
 .debug_info    0x00000000000135e2       0x8b ../Hello_Nios_II_bsp/\libhal_bsp.a(altera_nios2_qsys_irq.o)
 .debug_info    0x000000000001366d       0x9f ../Hello_Nios_II_bsp/\libhal_bsp.a(alt_exception_entry.o)
 .debug_info    0x000000000001370c      0x2e2 ../Hello_Nios_II_bsp/\libhal_bsp.a(alt_find_dev.o)
 .debug_info    0x00000000000139ee      0x2df ../Hello_Nios_II_bsp/\libhal_bsp.a(alt_find_file.o)
 .debug_info    0x0000000000013ccd      0x309 ../Hello_Nios_II_bsp/\libhal_bsp.a(alt_get_fd.o)
 .debug_info    0x0000000000013fd6      0x10a d:/altera/15.0/nios2eds/bin/gnu/h-x86_64-mingw32/bin/../lib/gcc/nios2-elf/4.9.1/../../../../../H-x86_64-mingw32/nios2-elf/lib/mno-hw-mul\libc.a(lib_a-atexit.o)
 .debug_info    0x00000000000140e0      0x8df d:/altera/15.0/nios2eds/bin/gnu/h-x86_64-mingw32/bin/../lib/gcc/nios2-elf/4.9.1/../../../../../H-x86_64-mingw32/nios2-elf/lib/mno-hw-mul\libc.a(lib_a-exit.o)
 .debug_info    0x00000000000149bf      0x113 d:/altera/15.0/nios2eds/bin/gnu/h-x86_64-mingw32/bin/../lib/gcc/nios2-elf/4.9.1/../../../../../H-x86_64-mingw32/nios2-elf/lib/mno-hw-mul\libc.a(lib_a-memcmp.o)
 .debug_info    0x0000000000014ad2      0x93b d:/altera/15.0/nios2eds/bin/gnu/h-x86_64-mingw32/bin/../lib/gcc/nios2-elf/4.9.1/../../../../../H-x86_64-mingw32/nios2-elf/lib/mno-hw-mul\libc.a(lib_a-__atexit.o)
 .debug_info    0x000000000001540d      0x948 d:/altera/15.0/nios2eds/bin/gnu/h-x86_64-mingw32/bin/../lib/gcc/nios2-elf/4.9.1/../../../../../H-x86_64-mingw32/nios2-elf/lib/mno-hw-mul\libc.a(lib_a-__call_atexit.o)
 .debug_info    0x0000000000015d55       0xe5 ../Hello_Nios_II_bsp/\libhal_bsp.a(alt_exit.o)

.debug_abbrev   0x0000000000000000     0x5cbc
 *(.debug_abbrev)
 .debug_abbrev  0x0000000000000000       0x12 ../Hello_Nios_II_bsp//obj/HAL/src/crt0.o
 .debug_abbrev  0x0000000000000012       0x42 obj/default/hello_world.o
 .debug_abbrev  0x0000000000000054      0x226 d:/altera/15.0/nios2eds/bin/gnu/h-x86_64-mingw32/bin/../lib/gcc/nios2-elf/4.9.1/../../../../../H-x86_64-mingw32/nios2-elf/lib/mno-hw-mul\libc.a(lib_a-puts.o)
 .debug_abbrev  0x000000000000027a       0x90 d:/altera/15.0/nios2eds/bin/gnu/h-x86_64-mingw32/bin/../lib/gcc/nios2-elf/4.9.1/../../../../../H-x86_64-mingw32/nios2-elf/lib/mno-hw-mul\libc.a(lib_a-strlen.o)
 .debug_abbrev  0x000000000000030a      0x252 d:/altera/15.0/nios2eds/bin/gnu/h-x86_64-mingw32/bin/../lib/gcc/nios2-elf/4.9.1/../../../../../H-x86_64-mingw32/nios2-elf/lib/mno-hw-mul\libc.a(lib_a-fvwrite.o)
 .debug_abbrev  0x000000000000055c      0x180 d:/altera/15.0/nios2eds/bin/gnu/h-x86_64-mingw32/bin/../lib/gcc/nios2-elf/4.9.1/../../../../../H-x86_64-mingw32/nios2-elf/lib/mno-hw-mul\libc.a(lib_a-impure.o)
 .debug_abbrev  0x00000000000006dc      0x2ad d:/altera/15.0/nios2eds/bin/gnu/h-x86_64-mingw32/bin/../lib/gcc/nios2-elf/4.9.1/../../../../../H-x86_64-mingw32/nios2-elf/lib/mno-hw-mul\libc.a(lib_a-mallocr.o)
 .debug_abbrev  0x0000000000000989       0xab d:/altera/15.0/nios2eds/bin/gnu/h-x86_64-mingw32/bin/../lib/gcc/nios2-elf/4.9.1/../../../../../H-x86_64-mingw32/nios2-elf/lib/mno-hw-mul\libc.a(lib_a-memchr.o)
 .debug_abbrev  0x0000000000000a34       0x9c d:/altera/15.0/nios2eds/bin/gnu/h-x86_64-mingw32/bin/../lib/gcc/nios2-elf/4.9.1/../../../../../H-x86_64-mingw32/nios2-elf/lib/mno-hw-mul\libc.a(lib_a-memcpy.o)
 .debug_abbrev  0x0000000000000ad0       0x9c d:/altera/15.0/nios2eds/bin/gnu/h-x86_64-mingw32/bin/../lib/gcc/nios2-elf/4.9.1/../../../../../H-x86_64-mingw32/nios2-elf/lib/mno-hw-mul\libc.a(lib_a-memmove.o)
 .debug_abbrev  0x0000000000000b6c      0x269 d:/altera/15.0/nios2eds/bin/gnu/h-x86_64-mingw32/bin/../lib/gcc/nios2-elf/4.9.1/../../../../../H-x86_64-mingw32/nios2-elf/lib/mno-hw-mul\libc.a(lib_a-reallocr.o)
 .debug_abbrev  0x0000000000000dd5      0x1fd d:/altera/15.0/nios2eds/bin/gnu/h-x86_64-mingw32/bin/../lib/gcc/nios2-elf/4.9.1/../../../../../H-x86_64-mingw32/nios2-elf/lib/mno-hw-mul\libc.a(lib_a-sbrkr.o)
 .debug_abbrev  0x0000000000000fd2      0x1f3 d:/altera/15.0/nios2eds/bin/gnu/h-x86_64-mingw32/bin/../lib/gcc/nios2-elf/4.9.1/../../../../../H-x86_64-mingw32/nios2-elf/lib/mno-hw-mul\libc.a(lib_a-wsetup.o)
 .debug_abbrev  0x00000000000011c5      0x275 d:/altera/15.0/nios2eds/bin/gnu/h-x86_64-mingw32/bin/../lib/gcc/nios2-elf/4.9.1/../../../../../H-x86_64-mingw32/nios2-elf/lib/mno-hw-mul\libc.a(lib_a-fflush.o)
 .debug_abbrev  0x000000000000143a      0x387 d:/altera/15.0/nios2eds/bin/gnu/h-x86_64-mingw32/bin/../lib/gcc/nios2-elf/4.9.1/../../../../../H-x86_64-mingw32/nios2-elf/lib/mno-hw-mul\libc.a(lib_a-findfp.o)
 .debug_abbrev  0x00000000000017c1      0x27b d:/altera/15.0/nios2eds/bin/gnu/h-x86_64-mingw32/bin/../lib/gcc/nios2-elf/4.9.1/../../../../../H-x86_64-mingw32/nios2-elf/lib/mno-hw-mul\libc.a(lib_a-freer.o)
 .debug_abbrev  0x0000000000001a3c      0x242 d:/altera/15.0/nios2eds/bin/gnu/h-x86_64-mingw32/bin/../lib/gcc/nios2-elf/4.9.1/../../../../../H-x86_64-mingw32/nios2-elf/lib/mno-hw-mul\libc.a(lib_a-fwalk.o)
 .debug_abbrev  0x0000000000001c7e       0x37 d:/altera/15.0/nios2eds/bin/gnu/h-x86_64-mingw32/bin/../lib/gcc/nios2-elf/4.9.1/../../../../../H-x86_64-mingw32/nios2-elf/lib/mno-hw-mul\libc.a(lib_a-int_errno.o)
 .debug_abbrev  0x0000000000001cb5      0x206 d:/altera/15.0/nios2eds/bin/gnu/h-x86_64-mingw32/bin/../lib/gcc/nios2-elf/4.9.1/../../../../../H-x86_64-mingw32/nios2-elf/lib/mno-hw-mul\libc.a(lib_a-makebuf.o)
 .debug_abbrev  0x0000000000001ebb       0xae d:/altera/15.0/nios2eds/bin/gnu/h-x86_64-mingw32/bin/../lib/gcc/nios2-elf/4.9.1/../../../../../H-x86_64-mingw32/nios2-elf/lib/mno-hw-mul\libc.a(lib_a-memset.o)
 .debug_abbrev  0x0000000000001f69      0x246 d:/altera/15.0/nios2eds/bin/gnu/h-x86_64-mingw32/bin/../lib/gcc/nios2-elf/4.9.1/../../../../../H-x86_64-mingw32/nios2-elf/lib/mno-hw-mul\libc.a(lib_a-stdio.o)
 .debug_abbrev  0x00000000000021af      0x1de d:/altera/15.0/nios2eds/bin/gnu/h-x86_64-mingw32/bin/../lib/gcc/nios2-elf/4.9.1/../../../../../H-x86_64-mingw32/nios2-elf/lib/mno-hw-mul\libc.a(lib_a-writer.o)
 .debug_abbrev  0x000000000000238d      0x1d9 d:/altera/15.0/nios2eds/bin/gnu/h-x86_64-mingw32/bin/../lib/gcc/nios2-elf/4.9.1/../../../../../H-x86_64-mingw32/nios2-elf/lib/mno-hw-mul\libc.a(closer.o)
 .debug_abbrev  0x0000000000002566      0x2a9 d:/altera/15.0/nios2eds/bin/gnu/h-x86_64-mingw32/bin/../lib/gcc/nios2-elf/4.9.1/../../../../../H-x86_64-mingw32/nios2-elf/lib/mno-hw-mul\libc.a(lib_a-fclose.o)
 .debug_abbrev  0x000000000000280f      0x1e8 d:/altera/15.0/nios2eds/bin/gnu/h-x86_64-mingw32/bin/../lib/gcc/nios2-elf/4.9.1/../../../../../H-x86_64-mingw32/nios2-elf/lib/mno-hw-mul\libc.a(lib_a-fstatr.o)
 .debug_abbrev  0x00000000000029f7      0x1d9 d:/altera/15.0/nios2eds/bin/gnu/h-x86_64-mingw32/bin/../lib/gcc/nios2-elf/4.9.1/../../../../../H-x86_64-mingw32/nios2-elf/lib/mno-hw-mul\libc.a(lib_a-isattyr.o)
 .debug_abbrev  0x0000000000002bd0      0x1e8 d:/altera/15.0/nios2eds/bin/gnu/h-x86_64-mingw32/bin/../lib/gcc/nios2-elf/4.9.1/../../../../../H-x86_64-mingw32/nios2-elf/lib/mno-hw-mul\libc.a(lib_a-lseekr.o)
 .debug_abbrev  0x0000000000002db8      0x1d9 d:/altera/15.0/nios2eds/bin/gnu/h-x86_64-mingw32/bin/../lib/gcc/nios2-elf/4.9.1/../../../../../H-x86_64-mingw32/nios2-elf/lib/mno-hw-mul\libc.a(lib_a-readr.o)
 .debug_abbrev  0x0000000000002f91       0x6f d:/altera/15.0/nios2eds/bin/gnu/h-x86_64-mingw32/bin/../lib/gcc/nios2-elf/4.9.1/mno-hw-mul\libgcc.a(lib2-mul.o)
 .debug_abbrev  0x0000000000003000      0x11f ../Hello_Nios_II_bsp/\libhal_bsp.a(alt_close.o)
 .debug_abbrev  0x000000000000311f       0xd9 ../Hello_Nios_II_bsp/\libhal_bsp.a(alt_dev.o)
 .debug_abbrev  0x00000000000031f8       0x5a ../Hello_Nios_II_bsp/\libhal_bsp.a(alt_errno.o)
 .debug_abbrev  0x0000000000003252      0x11f ../Hello_Nios_II_bsp/\libhal_bsp.a(alt_fstat.o)
 .debug_abbrev  0x0000000000003371      0x11f ../Hello_Nios_II_bsp/\libhal_bsp.a(alt_isatty.o)
 .debug_abbrev  0x0000000000003490       0x9f ../Hello_Nios_II_bsp/\libhal_bsp.a(alt_load.o)
 .debug_abbrev  0x000000000000352f      0x11f ../Hello_Nios_II_bsp/\libhal_bsp.a(alt_lseek.o)
 .debug_abbrev  0x000000000000364e       0xba ../Hello_Nios_II_bsp/\libhal_bsp.a(alt_main.o)
 .debug_abbrev  0x0000000000003708      0x1a5 ../Hello_Nios_II_bsp/\libhal_bsp.a(alt_malloc_lock.o)
 .debug_abbrev  0x00000000000038ad      0x12e ../Hello_Nios_II_bsp/\libhal_bsp.a(alt_read.o)
 .debug_abbrev  0x00000000000039db       0xde ../Hello_Nios_II_bsp/\libhal_bsp.a(alt_release_fd.o)
 .debug_abbrev  0x0000000000003ab9      0x112 ../Hello_Nios_II_bsp/\libhal_bsp.a(alt_sbrk.o)
 .debug_abbrev  0x0000000000003bcb      0x133 ../Hello_Nios_II_bsp/\libhal_bsp.a(alt_write.o)
 .debug_abbrev  0x0000000000003cfe      0x187 ../Hello_Nios_II_bsp/\libhal_bsp.a(alt_sys_init.o)
 .debug_abbrev  0x0000000000003e85      0x127 ../Hello_Nios_II_bsp/\libhal_bsp.a(altera_avalon_jtag_uart_fd.o)
 .debug_abbrev  0x0000000000003fac      0x197 ../Hello_Nios_II_bsp/\libhal_bsp.a(altera_avalon_jtag_uart_init.o)
 .debug_abbrev  0x0000000000004143      0x111 ../Hello_Nios_II_bsp/\libhal_bsp.a(altera_avalon_jtag_uart_ioctl.o)
 .debug_abbrev  0x0000000000004254      0x1ac ../Hello_Nios_II_bsp/\libhal_bsp.a(altera_avalon_jtag_uart_read.o)
 .debug_abbrev  0x0000000000004400      0x1a8 ../Hello_Nios_II_bsp/\libhal_bsp.a(altera_avalon_jtag_uart_write.o)
 .debug_abbrev  0x00000000000045a8      0x162 ../Hello_Nios_II_bsp/\libhal_bsp.a(alt_alarm_start.o)
 .debug_abbrev  0x000000000000470a       0x42 ../Hello_Nios_II_bsp/\libhal_bsp.a(alt_dcache_flush_all.o)
 .debug_abbrev  0x000000000000474c      0x114 ../Hello_Nios_II_bsp/\libhal_bsp.a(alt_dev_llist_insert.o)
 .debug_abbrev  0x0000000000004860       0x79 ../Hello_Nios_II_bsp/\libhal_bsp.a(alt_do_ctors.o)
 .debug_abbrev  0x00000000000048d9       0x79 ../Hello_Nios_II_bsp/\libhal_bsp.a(alt_do_dtors.o)
 .debug_abbrev  0x0000000000004952       0x42 ../Hello_Nios_II_bsp/\libhal_bsp.a(alt_icache_flush_all.o)
 .debug_abbrev  0x0000000000004994      0x163 ../Hello_Nios_II_bsp/\libhal_bsp.a(alt_iic.o)
 .debug_abbrev  0x0000000000004af7      0x169 ../Hello_Nios_II_bsp/\libhal_bsp.a(alt_iic_isr_register.o)
 .debug_abbrev  0x0000000000004c60      0x114 ../Hello_Nios_II_bsp/\libhal_bsp.a(alt_io_redirect.o)
 .debug_abbrev  0x0000000000004d74       0x12 ../Hello_Nios_II_bsp/\libhal_bsp.a(alt_irq_entry.o)
 .debug_abbrev  0x0000000000004d86      0x122 ../Hello_Nios_II_bsp/\libhal_bsp.a(alt_irq_handler.o)
 .debug_abbrev  0x0000000000004ea8       0x40 ../Hello_Nios_II_bsp/\libhal_bsp.a(alt_irq_vars.o)
 .debug_abbrev  0x0000000000004ee8      0x148 ../Hello_Nios_II_bsp/\libhal_bsp.a(alt_open.o)
 .debug_abbrev  0x0000000000005030      0x15a ../Hello_Nios_II_bsp/\libhal_bsp.a(alt_tick.o)
 .debug_abbrev  0x000000000000518a       0x42 ../Hello_Nios_II_bsp/\libhal_bsp.a(altera_nios2_qsys_irq.o)
 .debug_abbrev  0x00000000000051cc       0x12 ../Hello_Nios_II_bsp/\libhal_bsp.a(alt_exception_entry.o)
 .debug_abbrev  0x00000000000051de       0xf0 ../Hello_Nios_II_bsp/\libhal_bsp.a(alt_find_dev.o)
 .debug_abbrev  0x00000000000052ce       0xf0 ../Hello_Nios_II_bsp/\libhal_bsp.a(alt_find_file.o)
 .debug_abbrev  0x00000000000053be      0x10d ../Hello_Nios_II_bsp/\libhal_bsp.a(alt_get_fd.o)